 ERROR  Command failed: npm list --production --parseable --depth=99999 --loglevel=error
npm error code ELSPROBLEMS
npm error invalid: @tmpt/ai@0.1.0 /home/una-stazia/Desktop/Work/TMTP/TMTP-project-aware-AI-mentor-for-developers/apps/vscode-extension/node_modules/@tmpt/ai
npm error invalid: @tmpt/scanner@0.1.0 /home/una-stazia/Desktop/Work/TMTP/TMTP-project-aware-AI-mentor-for-developers/apps/vscode-extension/node_modules/@tmpt/scanner
npm error invalid: @tmpt/scanner@0.1.0 /home/una-stazia/Desktop/Work/TMTP/TMTP-project-aware-AI-mentor-for-developers/packages/ai/node_modules/@tmpt/scanner
npm error invalid: @types/node@26.0.1 /home/una-stazia/Desktop/Work/TMTP/TMTP-project-aware-AI-mentor-for-developers/node_modules/.pnpm/node_modules/@types/node
npm error missing: @xyflow/eslint-config@0.0.1, required by @xyflow/react@12.11.2
npm error missing: @xyflow/rollup-config@0.0.0, required by @xyflow/react@12.11.2
npm error missing: @xyflow/tsconfig@0.0.0, required by @xyflow/react@12.11.2
npm error missing: autoprefixer@^10.4.15, required by @xyflow/react@12.11.2
npm error missing: cssnano@^6.0.1, required by @xyflow/react@12.11.2
npm error missing: postcss-cli@^11.0.0, required by @xyflow/react@12.11.2
npm error missing: postcss-combine-duplicated-selectors@^10.0.3, required by @xyflow/react@12.11.2
npm error missing: postcss-import@^15.1.0, required by @xyflow/react@12.11.2
npm error missing: postcss-nested@^6.0.0, required by @xyflow/react@12.11.2
npm error missing: postcss-rename@^0.6.1, required by @xyflow/react@12.11.2
npm error invalid: typescript@5.9.3 /home/una-stazia/Desktop/Work/TMTP/TMTP-project-aware-AI-mentor-for-developers/node_modules/.pnpm/node_modules/typescript
npm error missing: babel-cli@^6.26.0, required by elkjs@0.9.3
npm error missing: babel-preset-env@^1.6.0, required by elkjs@0.9.3
npm error missing: browserify@^14.4.0, required by elkjs@0.9.3
npm error missing: chai-as-promised@^7.1.1, required by elkjs@0.9.3
npm error missing: chai@^4.0.2, required by elkjs@0.9.3
npm error missing: mocha@^10.3.0, required by elkjs@0.9.3
npm error missing: web-worker@^1.0.0, required by elkjs@0.9.3
npm error missing: @dprint/formatter@^0.4.1, required by typescript@5.9.3
npm error missing: @dprint/typescript@0.93.4, required by typescript@5.9.3
npm error missing: @esfx/canceltoken@^1.0.0, required by typescript@5.9.3
npm error missing: @eslint/js@^9.20.0, required by typescript@5.9.3
npm error missing: @octokit/rest@^21.1.1, required by typescript@5.9.3
npm error missing: @types/chai@^4.3.20, required by typescript@5.9.3
npm error missing: @types/diff@^7.0.1, required by typescript@5.9.3
npm error missing: @types/minimist@^1.2.5, required by typescript@5.9.3
npm error missing: @types/mocha@^10.0.10, required by typescript@5.9.3
npm error missing: @types/ms@^0.7.34, required by typescript@5.9.3
npm error missing: @types/source-map-support@^0.5.10, required by typescript@5.9.3
npm error missing: @types/which@^3.0.4, required by typescript@5.9.3
npm error missing: @typescript-eslint/rule-tester@^8.24.1, required by typescript@5.9.3
npm error missing: @typescript-eslint/type-utils@^8.24.1, required by typescript@5.9.3
npm error missing: @typescript-eslint/utils@^8.24.1, required by typescript@5.9.3
npm error missing: azure-devops-node-api@^14.1.0, required by typescript@5.9.3
npm error missing: c8@^10.1.3, required by typescript@5.9.3
npm error missing: chai@^4.5.0, required by typescript@5.9.3
npm error missing: chokidar@^4.0.3, required by typescript@5.9.3
npm error missing: diff@^7.0.0, required by typescript@5.9.3
npm error missing: dprint@^0.49.0, required by typescript@5.9.3
npm error invalid: esbuild@0.21.5 /home/una-stazia/Desktop/Work/TMTP/TMTP-project-aware-AI-mentor-for-developers/node_modules/.pnpm/node_modules/esbuild
npm error missing: eslint-formatter-autolinkable-stylish@^1.4.0, required by typescript@5.9.3
npm error missing: eslint-plugin-regexp@^2.7.0, required by typescript@5.9.3
npm error missing: eslint@^9.20.1, required by typescript@5.9.3
npm error missing: fast-xml-parser@^4.5.2, required by typescript@5.9.3
npm error missing: glob@^10.4.5, required by typescript@5.9.3
npm error missing: globals@^15.15.0, required by typescript@5.9.3
npm error missing: hereby@^1.10.0, required by typescript@5.9.3
npm error missing: jsonc-parser@^3.3.1, required by typescript@5.9.3
npm error missing: knip@^5.44.4, required by typescript@5.9.3
npm error missing: mocha-fivemat-progress-reporter@^0.1.0, required by typescript@5.9.3
npm error missing: mocha@^10.8.2, required by typescript@5.9.3
npm error missing: monocart-coverage-reports@^2.12.1, required by typescript@5.9.3
npm error missing: playwright@^1.50.1, required by typescript@5.9.3
npm error missing: source-map-support@^0.5.21, required by typescript@5.9.3
npm error missing: typescript-eslint@^8.24.1, required by typescript@5.9.3
npm error missing: which@^3.0.1, required by typescript@5.9.3
npm error missing: @xyflow/eslint-config@0.0.1, required by @xyflow/system@0.0.79
npm error missing: @xyflow/rollup-config@0.0.0, required by @xyflow/system@0.0.79
npm error missing: @xyflow/tsconfig@0.0.0, required by @xyflow/system@0.0.79
npm error missing: c8@*, required by classcat@5.0.5
npm error missing: twist@*, required by classcat@5.0.5
npm error missing: tap@^16.0.1, required by mkdirp@0.5.6
npm error missing: browserify@^13.1.1, required by loose-envify@1.4.0
npm error missing: envify@^3.4.0, required by loose-envify@1.4.0
npm error missing: tap@^8.0.0, required by loose-envify@1.4.0
npm error missing: @ljharb/eslint-config@^21.0.1, required by minimist@1.2.8
npm error missing: aud@^2.0.2, required by minimist@1.2.8
npm error missing: auto-changelog@^2.4.0, required by minimist@1.2.8
npm error missing: eslint@=8.8.0, required by minimist@1.2.8
npm error missing: in-publish@^2.0.1, required by minimist@1.2.8
npm error missing: npmignore@^0.3.0, required by minimist@1.2.8
npm error missing: nyc@^10.3.2, required by minimist@1.2.8
npm error missing: safe-publish-latest@^2.0.0, required by minimist@1.2.8
npm error missing: tape@^5.6.3, required by minimist@1.2.8
npm error missing: eslint@4.18.2, required by ms@2.1.3
npm error missing: expect.js@0.3.1, required by ms@2.1.3
npm error missing: husky@0.14.3, required by ms@2.1.3
npm error missing: lint-staged@5.0.0, required by ms@2.1.3
npm error missing: mocha@4.0.1, required by ms@2.1.3
npm error missing: prettier@2.0.5, required by ms@2.1.3
npm error missing: @babel/core@^7.28.5, required by csstype@3.2.3
npm error missing: @babel/preset-env@^7.28.5, required by csstype@3.2.3
npm error missing: @babel/preset-typescript@^7.28.5, required by csstype@3.2.3
npm error missing: @eslint/js@^9.39.1, required by csstype@3.2.3
npm error missing: @mdn/browser-compat-data@7.1.21, required by csstype@3.2.3
npm error missing: @tsconfig/node24@^24.0.2, required by csstype@3.2.3
npm error missing: @types/chokidar@^2.1.7, required by csstype@3.2.3
npm error missing: @types/css-tree@^2.3.11, required by csstype@3.2.3
npm error missing: @types/jest@^30.0.0, required by csstype@3.2.3
npm error missing: @types/jsdom@^27.0.0, required by csstype@3.2.3
npm error missing: @types/prettier@^3.0.0, required by csstype@3.2.3
npm error missing: @types/turndown@^5.0.6, required by csstype@3.2.3
npm error missing: babel-jest@^30.2.0, required by csstype@3.2.3
npm error invalid: chalk@4.1.2 /home/una-stazia/Desktop/Work/TMTP/TMTP-project-aware-AI-mentor-for-developers/node_modules/.pnpm/node_modules/chalk
npm error missing: chokidar@^4.0.3, required by csstype@3.2.3
npm error missing: css-tree@^3.1.0, required by csstype@3.2.3
npm error missing: eslint-config-prettier@^10.1.8, required by csstype@3.2.3
npm error missing: eslint-plugin-prettier@^5.5.4, required by csstype@3.2.3
npm error missing: flow-bin@^0.291.0, required by csstype@3.2.3
npm error missing: jest@^30.2.0, required by csstype@3.2.3
npm error invalid: jsdom@25.0.1 /home/una-stazia/Desktop/Work/TMTP/TMTP-project-aware-AI-mentor-for-developers/node_modules/.pnpm/node_modules/jsdom
npm error missing: mdn-data@2.25.0, required by csstype@3.2.3
npm error missing: prettier@^3.6.2, required by csstype@3.2.3
npm error missing: release-it@^19.0.6, required by csstype@3.2.3
npm error missing: turndown@^7.2.2, required by csstype@3.2.3
npm error missing: typescript-eslint@^8.46.4, required by csstype@3.2.3
npm error missing: eslint@7, required by d3-drag@3.0.0
npm error missing: mocha@9, required by d3-drag@3.0.0
npm error missing: rollup-plugin-terser@7, required by d3-drag@3.0.0
npm error invalid: rollup@4.62.2 /home/una-stazia/Desktop/Work/TMTP/TMTP-project-aware-AI-mentor-for-developers/node_modules/.pnpm/node_modules/rollup
npm error missing: eslint@7, required by d3-interpolate@3.0.1
npm error missing: mocha@8, required by d3-interpolate@3.0.1
npm error missing: rollup-plugin-terser@7, required by d3-interpolate@3.0.1
npm error missing: eslint@7, required by d3-selection@3.0.0
npm error missing: mocha@9, required by d3-selection@3.0.0
npm error missing: rollup-plugin-terser@7, required by d3-selection@3.0.0
npm error missing: eslint@7, required by d3-zoom@3.0.0
npm error missing: mocha@9, required by d3-zoom@3.0.0
npm error missing: rollup-plugin-terser@7, required by d3-zoom@3.0.0
npm error missing: clean-publish@^3.1.0, required by source-map-js@1.2.1
npm error missing: doctoc@^0.15.0, required by source-map-js@1.2.1
npm error missing: webpack@^1.12.0, required by source-map-js@1.2.1
npm error missing: react-17@npm:react@^17, required by use-sync-external-store@1.6.0
npm error missing: react-dom-17@npm:react-dom@^17, required by use-sync-external-store@1.6.0
npm error missing: coffeescript@2.1.1, required by js-tokens@4.0.0
npm error missing: esprima@4.0.0, required by js-tokens@4.0.0
npm error missing: everything.js@1.0.3, required by js-tokens@4.0.0
npm error missing: mocha@5.0.0, required by js-tokens@4.0.0
npm error missing: ava@^2.4.0, required by chalk@4.1.2
npm error missing: coveralls@^3.0.7, required by chalk@4.1.2
npm error missing: execa@^4.0.0, required by chalk@4.1.2
npm error missing: import-fresh@^3.1.0, required by chalk@4.1.2
npm error missing: matcha@^0.7.0, required by chalk@4.1.2
npm error missing: nyc@^15.0.0, required by chalk@4.1.2
npm error missing: resolve-from@^5.0.0, required by chalk@4.1.2
npm error missing: tsd@^0.7.4, required by chalk@4.1.2
npm error missing: xo@^0.28.2, required by chalk@4.1.2
npm error missing: @domenic/eslint-config@^4.0.1, required by jsdom@25.0.1
npm error missing: benchmark@^2.1.4, required by jsdom@25.0.1
npm error missing: eslint-plugin-html@^8.1.2, required by jsdom@25.0.1
npm error missing: eslint@^9.11.0, required by jsdom@25.0.1
npm error missing: globals@^15.9.0, required by jsdom@25.0.1
npm error missing: js-yaml@^4.1.0, required by jsdom@25.0.1
npm error missing: minimatch@^9.0.5, required by jsdom@25.0.1
npm error missing: mocha-sugar-free@^1.4.0, required by jsdom@25.0.1
npm error missing: mocha@^10.7.3, required by jsdom@25.0.1
npm error missing: pngjs@^7.0.0, required by jsdom@25.0.1
npm error missing: server-destroy@^1.0.1, required by jsdom@25.0.1
npm error missing: webidl2js@^18.0.0, required by jsdom@25.0.1
npm error missing: yargs@^17.7.2, required by jsdom@25.0.1
npm error missing: eslint@7, required by d3-dispatch@3.0.1
npm error missing: mocha@8, required by d3-dispatch@3.0.1
npm error missing: rollup-plugin-terser@7, required by d3-dispatch@3.0.1
npm error missing: @codemirror/commands@^6.10.3, required by rollup@4.62.2
npm error missing: @codemirror/lang-javascript@^6.2.5, required by rollup@4.62.2
npm error missing: @codemirror/language@^6.12.3, required by rollup@4.62.2
npm error missing: @codemirror/search@^6.7.0, required by rollup@4.62.2
npm error missing: @codemirror/state@^6.6.0, required by rollup@4.62.2
npm error missing: @codemirror/view@^6.43.1, required by rollup@4.62.2
npm error missing: @emnapi/core@^1.11.1, required by rollup@4.62.2
npm error missing: @emnapi/runtime@^1.11.1, required by rollup@4.62.2
npm error missing: @eslint/js@^10.0.1, required by rollup@4.62.2
npm error missing: @inquirer/prompts@^7.10.1, required by rollup@4.62.2
npm error missing: @jridgewell/sourcemap-codec@^1.5.5, required by rollup@4.62.2
npm error missing: @mermaid-js/mermaid-cli@^11.15.0, required by rollup@4.62.2
npm error missing: @napi-rs/cli@3.4.1, required by rollup@4.62.2
npm error missing: @rollup/plugin-alias@^6.0.0, required by rollup@4.62.2
npm error missing: @rollup/plugin-buble@^1.0.3, required by rollup@4.62.2
npm error missing: @rollup/plugin-commonjs@^29.0.3, required by rollup@4.62.2
npm error missing: @rollup/plugin-json@^6.1.0, required by rollup@4.62.2
npm error missing: @rollup/plugin-node-resolve@^16.0.3, required by rollup@4.62.2
npm error missing: @rollup/plugin-replace@^6.0.3, required by rollup@4.62.2
npm error missing: @rollup/plugin-terser@^0.4.4, required by rollup@4.62.2
npm error missing: @rollup/plugin-typescript@^12.3.0, required by rollup@4.62.2
npm error missing: @rollup/pluginutils@^5.4.0, required by rollup@4.62.2
npm error missing: @shikijs/vitepress-twoslash@^4.2.0, required by rollup@4.62.2
npm error missing: @types/mocha@^10.0.10, required by rollup@4.62.2
npm error missing: @types/picomatch@^4.0.3, required by rollup@4.62.2
npm error missing: @types/semver@^7.7.1, required by rollup@4.62.2
npm error missing: @types/yargs-parser@^21.0.3, required by rollup@4.62.2
npm error missing: @vue/language-server@^3.3.5, required by rollup@4.62.2
npm error missing: acorn-import-assertions@^1.9.0, required by rollup@4.62.2
npm error missing: acorn-import-phases@^1.0.4, required by rollup@4.62.2
npm error missing: acorn-jsx@^5.3.2, required by rollup@4.62.2
npm error missing: acorn@^8.17.0, required by rollup@4.62.2
npm error missing: buble@^0.20.0, required by rollup@4.62.2
npm error missing: builtin-modules@^5.2.0, required by rollup@4.62.2
npm error missing: chokidar@^3.6.0, required by rollup@4.62.2
npm error missing: concurrently@^9.2.1, required by rollup@4.62.2
npm error missing: core-js@3.38.1, required by rollup@4.62.2
npm error missing: date-time@^4.0.0, required by rollup@4.62.2
npm error missing: es5-shim@^4.6.7, required by rollup@4.62.2
npm error missing: es6-shim@^0.35.8, required by rollup@4.62.2
npm error missing: eslint-config-prettier@^10.1.8, required by rollup@4.62.2
npm error missing: eslint-plugin-prettier@^5.5.6, required by rollup@4.62.2
npm error missing: eslint-plugin-unicorn@^66.0.0, required by rollup@4.62.2
npm error missing: eslint-plugin-vue@^10.9.2, required by rollup@4.62.2
npm error missing: eslint@^10.5.0, required by rollup@4.62.2
npm error missing: fixturify@^3.0.0, required by rollup@4.62.2
npm error missing: flru@^1.0.2, required by rollup@4.62.2
npm error missing: fs-extra@^11.3.5, required by rollup@4.62.2
npm error missing: github-api@^3.4.0, required by rollup@4.62.2
npm error missing: globals@^17.6.0, required by rollup@4.62.2
npm error missing: husky@^9.1.7, required by rollup@4.62.2
npm error missing: is-reference@^3.0.3, required by rollup@4.62.2
npm error missing: lint-staged@^17.0.7, required by rollup@4.62.2
npm error missing: locate-character@^3.0.0, required by rollup@4.62.2
npm error missing: magic-string@^0.30.21, required by rollup@4.62.2
npm error missing: memfs@^4.57.7, required by rollup@4.62.2
npm error missing: mocha@11.7.6, required by rollup@4.62.2
npm error missing: nodemon@^3.1.14, required by rollup@4.62.2
npm error missing: npm-audit-resolver@^3.0.0-RC.0, required by rollup@4.62.2
npm error missing: nyc@^18.0.0, required by rollup@4.62.2
npm error missing: patch-package@^8.0.1, required by rollup@4.62.2
npm error missing: picomatch@^4.0.4, required by rollup@4.62.2
npm error missing: pinia@^3.0.4, required by rollup@4.62.2
npm error missing: prettier-plugin-organize-imports@^4.3.0, required by rollup@4.62.2
npm error missing: prettier@^3.8.4, required by rollup@4.62.2
npm error missing: pretty-bytes@^7.1.0, required by rollup@4.62.2
npm error missing: pretty-ms@^9.3.0, required by rollup@4.62.2
npm error missing: requirejs@^2.3.8, required by rollup@4.62.2
npm error missing: rollup-plugin-license@^3.7.1, required by rollup@4.62.2
npm error invalid: semver@7.8.5 /home/una-stazia/Desktop/Work/TMTP/TMTP-project-aware-AI-mentor-for-developers/node_modules/.pnpm/node_modules/semver
npm error missing: shx@^0.4.0, required by rollup@4.62.2
npm error missing: signal-exit@^4.1.0, required by rollup@4.62.2
npm error missing: source-map-support@^0.5.21, required by rollup@4.62.2
npm error missing: source-map@^0.7.6, required by rollup@4.62.2
npm error missing: systemjs@^6.15.1, required by rollup@4.62.2
npm error missing: terser@^5.48.0, required by rollup@4.62.2
npm error missing: typescript-eslint@^8.61.1, required by rollup@4.62.2
npm error invalid: vite@5.4.21 /home/una-stazia/Desktop/Work/TMTP/TMTP-project-aware-AI-mentor-for-developers/node_modules/.pnpm/node_modules/vite
npm error missing: vitepress@^1.6.4, required by rollup@4.62.2
npm error missing: vue-eslint-parser@^10.4.1, required by rollup@4.62.2
npm error missing: vue-tsc@^3.3.5, required by rollup@4.62.2
npm error missing: vue@^3.5.38, required by rollup@4.62.2
npm error missing: wasm-pack@^0.15.0, required by rollup@4.62.2
npm error missing: yargs-parser@^21.1.1, required by rollup@4.62.2
npm error missing: eslint@8, required by d3-color@3.1.0
npm error missing: mocha@9, required by d3-color@3.1.0
npm error missing: rollup-plugin-terser@7, required by d3-color@3.1.0
npm error missing: eslint@7, required by d3-transition@3.0.1
npm error missing: mocha@9, required by d3-transition@3.0.1
npm error missing: rollup-plugin-terser@7, required by d3-transition@3.0.1
npm error missing: @types/color-convert@^1.9.0, required by ansi-styles@4.3.0
npm error missing: ava@^2.3.0, required by ansi-styles@4.3.0
npm error missing: svg-term-cli@^2.1.1, required by ansi-styles@4.3.0
npm error missing: tsd@^0.11.0, required by ansi-styles@4.3.0
npm error missing: xo@^0.25.3, required by ansi-styles@4.3.0
npm error missing: ava@^1.4.1, required by supports-color@7.2.0
npm error missing: import-fresh@^3.0.0, required by supports-color@7.2.0
npm error missing: xo@^0.24.0, required by supports-color@7.2.0
npm error missing: @babel/generator@^7.26.9, required by cssstyle@4.6.0
npm error missing: @babel/parser@^7.26.9, required by cssstyle@4.6.0
npm error missing: @babel/traverse@^7.26.9, required by cssstyle@4.6.0
npm error missing: @babel/types@^7.26.9, required by cssstyle@4.6.0
npm error missing: @domenic/eslint-config@^4.0.1, required by cssstyle@4.6.0
npm error missing: eslint-config-prettier@^10.1.1, required by cssstyle@4.6.0
npm error missing: eslint-plugin-prettier@^5.2.3, required by cssstyle@4.6.0
npm error missing: eslint@^9.22.0, required by cssstyle@4.6.0
npm error missing: globals@^16.0.0, required by cssstyle@4.6.0
npm error missing: npm-run-all@^4.1.5, required by cssstyle@4.6.0
npm error missing: prettier@^3.5.3, required by cssstyle@4.6.0
npm error missing: resolve@^1.22.10, required by cssstyle@4.6.0
npm error missing: @domenic/eslint-config@^3.0.0, required by data-urls@5.0.0
npm error missing: c8@^8.0.1, required by data-urls@5.0.0
npm error missing: eslint@^8.53.0, required by data-urls@5.0.0
npm error missing: @ljharb/eslint-config@^22.2.3, required by form-data@4.0.6
npm error missing: auto-changelog@^2.6.0, required by form-data@4.0.6
npm error missing: browserify-istanbul@^2.0.0, required by form-data@4.0.6
npm error missing: browserify@^13.3.0, required by form-data@4.0.6
npm error missing: coveralls@^3.1.1, required by form-data@4.0.6
npm error missing: cross-spawn@^6.0.6, required by form-data@4.0.6
npm error missing: eslint@^8.57.1, required by form-data@4.0.6
npm error missing: fake@^0.2.2, required by form-data@4.0.6
npm error missing: far@^0.0.7, required by form-data@4.0.6
npm error missing: formidable@^1.2.6, required by form-data@4.0.6
npm error missing: in-publish@^2.0.1, required by form-data@4.0.6
npm error missing: is-node-modern@^1.0.0, required by form-data@4.0.6
npm error missing: istanbul@^0.4.5, required by form-data@4.0.6
npm error missing: js-randomness-predictor@^3.6.0, required by form-data@4.0.6
npm error missing: obake@^0.1.2, required by form-data@4.0.6
npm error missing: pkgfiles@^2.3.2, required by form-data@4.0.6
npm error missing: pre-commit@^1.2.2, required by form-data@4.0.6
npm error missing: puppeteer@^1.20.0, required by form-data@4.0.6
npm error missing: request@~2.87.0, required by form-data@4.0.6
npm error missing: rimraf@^2.7.1, required by form-data@4.0.6
npm error missing: tape@^5.10.1, required by form-data@4.0.6
npm error missing: @domenic/eslint-config@^3.0.0, required by html-encoding-sniffer@4.0.0
npm error missing: eslint@^8.53.0, required by html-encoding-sniffer@4.0.0
npm error missing: @types/debug@^4.1.7, required by http-proxy-agent@7.0.2
npm error missing: @types/jest@^29.5.1, required by http-proxy-agent@7.0.2
npm error missing: async-listen@^3.0.0, required by http-proxy-agent@7.0.2
npm error missing: jest@^29.5.0, required by http-proxy-agent@7.0.2
npm error missing: proxy@2.1.1, required by http-proxy-agent@7.0.2
npm error missing: ts-jest@^29.1.0, required by http-proxy-agent@7.0.2
npm error missing: tsconfig@0.0.0, required by http-proxy-agent@7.0.2
npm error missing: @types/async-retry@^1.4.5, required by https-proxy-agent@7.0.6
npm error missing: @types/debug@4, required by https-proxy-agent@7.0.6
npm error missing: @types/jest@^29.5.1, required by https-proxy-agent@7.0.6
npm error missing: async-listen@^3.0.0, required by https-proxy-agent@7.0.6
npm error missing: async-retry@^1.3.3, required by https-proxy-agent@7.0.6
npm error missing: jest@^29.5.0, required by https-proxy-agent@7.0.6
npm error missing: proxy@2.2.0, required by https-proxy-agent@7.0.6
npm error missing: ts-jest@^29.1.0, required by https-proxy-agent@7.0.6
npm error missing: tsconfig@0.0.0, required by https-proxy-agent@7.0.6
npm error missing: mocha@^2.2.1, required by is-potential-custom-element-name@1.0.1
npm error missing: regenerate@^1.4.2, required by is-potential-custom-element-name@1.0.1
npm error missing: @changesets/changelog-github@^0.5.0, required by rrweb-cssom@0.7.1
npm error missing: @changesets/cli@^2.27.1, required by rrweb-cssom@0.7.1
npm error missing: @commitlint/cli@^14.1.0, required by saxes@6.0.0
npm error missing: @commitlint/config-angular@^14.1.0, required by saxes@6.0.0
npm error missing: @types/chai@^4.2.22, required by saxes@6.0.0
npm error missing: @types/mocha@^9.0.0, required by saxes@6.0.0
npm error missing: @typescript-eslint/eslint-plugin-tslint@^5.3.0, required by saxes@6.0.0
npm error missing: @typescript-eslint/eslint-plugin@^5.3.0, required by saxes@6.0.0
npm error missing: @typescript-eslint/parser@^5.3.0, required by saxes@6.0.0
npm error missing: @xml-conformance-suite/js@^3.0.0, required by saxes@6.0.0
npm error missing: @xml-conformance-suite/mocha@^3.0.0, required by saxes@6.0.0
npm error missing: @xml-conformance-suite/test-data@^3.0.0, required by saxes@6.0.0
npm error missing: chai@^4.3.4, required by saxes@6.0.0
npm error missing: conventional-changelog-cli@^2.1.1, required by saxes@6.0.0
npm error missing: eslint-config-lddubeau-base@^6.1.0, required by saxes@6.0.0
npm error missing: eslint-config-lddubeau-ts@^2.0.2, required by saxes@6.0.0
npm error missing: eslint-import-resolver-typescript@^2.5.0, required by saxes@6.0.0
npm error missing: eslint-plugin-import@^2.25.2, required by saxes@6.0.0
npm error missing: eslint-plugin-jsx-a11y@^6.4.1, required by saxes@6.0.0
npm error missing: eslint-plugin-prefer-arrow@^1.2.3, required by saxes@6.0.0
npm error missing: eslint-plugin-react@^7.26.1, required by saxes@6.0.0
npm error missing: eslint-plugin-simple-import-sort@^7.0.0, required by saxes@6.0.0
npm error missing: eslint@^8.2.0, required by saxes@6.0.0
npm error missing: husky@^7.0.4, required by saxes@6.0.0
npm error missing: mocha@^9.1.3, required by saxes@6.0.0
npm error missing: renovate-config-lddubeau@^1.0.0, required by saxes@6.0.0
npm error missing: simple-dist-tag@^1.0.2, required by saxes@6.0.0
npm error missing: ts-node@^10.4.0, required by saxes@6.0.0
npm error missing: tsd@^0.18.0, required by saxes@6.0.0
npm error missing: tslint-microsoft-contrib@^6.2.0, required by saxes@6.0.0
npm error missing: tslint@^6.1.3, required by saxes@6.0.0
npm error missing: typedoc@^0.22.8, required by saxes@6.0.0
npm error missing: babel-eslint@^10.0.1, required by symbol-tree@3.2.4
npm error missing: coveralls@^3.0.0, required by symbol-tree@3.2.4
npm error missing: eslint-plugin-import@^2.2.0, required by symbol-tree@3.2.4
npm error missing: eslint@^5.16.0, required by symbol-tree@3.2.4
npm error missing: istanbul@^0.4.5, required by symbol-tree@3.2.4
npm error missing: jsdoc-to-markdown@^5.0.0, required by symbol-tree@3.2.4
npm error missing: tape@^4.0.0, required by symbol-tree@3.2.4
npm error missing: @eslint/js@^9.7.0, required by tough-cookie@5.1.2
npm error missing: @microsoft/api-documenter@^7.25.7, required by tough-cookie@5.1.2
npm error missing: @microsoft/api-extractor@^7.47.2, required by tough-cookie@5.1.2
npm error missing: @types/jest@^29.5.12, required by tough-cookie@5.1.2
npm error missing: async@3.2.6, required by tough-cookie@5.1.2
npm error missing: eslint-config-prettier@^10.0.1, required by tough-cookie@5.1.2
npm error missing: eslint-import-resolver-typescript@^3.7.0, required by tough-cookie@5.1.2
npm error missing: eslint-plugin-import@^2.31.0, required by tough-cookie@5.1.2
npm error missing: eslint-plugin-prettier@^5.2.1, required by tough-cookie@5.1.2
npm error missing: eslint@^9.9.1, required by tough-cookie@5.1.2
npm error missing: genversion@^3.2.0, required by tough-cookie@5.1.2
npm error missing: globals@^15.8.0, required by tough-cookie@5.1.2
npm error missing: jest@^29.7.0, required by tough-cookie@5.1.2
npm error missing: prettier@^3.3.3, required by tough-cookie@5.1.2
npm error missing: ts-jest@^29.2.2, required by tough-cookie@5.1.2
npm error missing: ts-node@^10.9.2, required by tough-cookie@5.1.2
npm error missing: typescript-eslint@^8.0.1, required by tough-cookie@5.1.2
npm error missing: vows@^0.8.3, required by tough-cookie@5.1.2
npm error missing: @domenic/eslint-config@^3.0.0, required by w3c-xmlserializer@5.0.0
npm error missing: eslint@^8.53.0, required by w3c-xmlserializer@5.0.0
npm error missing: @domenic/eslint-config@^1.3.0, required by webidl-conversions@7.0.0
npm error missing: eslint@^7.32.0, required by webidl-conversions@7.0.0
npm error missing: mocha@^9.1.1, required by webidl-conversions@7.0.0
npm error missing: nyc@^15.1.0, required by webidl-conversions@7.0.0
npm error missing: @domenic/eslint-config@^3.0.0, required by whatwg-encoding@3.1.1
npm error missing: eslint@^8.53.0, required by whatwg-encoding@3.1.1
npm error missing: @domenic/eslint-config@^3.0.0, required by whatwg-mimetype@4.0.0
npm error missing: c8@^8.0.1, required by whatwg-mimetype@4.0.0
npm error missing: eslint@^8.53.0, required by whatwg-mimetype@4.0.0
npm error missing: printable-string@^0.3.0, required by whatwg-mimetype@4.0.0
npm error missing: @domenic/eslint-config@^4.0.1, required by whatwg-url@14.2.0
npm error missing: benchmark@^2.1.4, required by whatwg-url@14.2.0
npm error missing: c8@^10.1.3, required by whatwg-url@14.2.0
npm error missing: eslint@^9.22.0, required by whatwg-url@14.2.0
npm error missing: globals@^16.0.0, required by whatwg-url@14.2.0
npm error missing: webidl2js@^18.0.0, required by whatwg-url@14.2.0
npm error missing: @eslint/js@^10.0.1, required by ws@8.21.0
npm error missing: benchmark@^2.1.4, required by ws@8.21.0
npm error missing: bufferutil@^4.0.1, required by ws@8.21.0
npm error missing: eslint-config-prettier@^10.0.1, required by ws@8.21.0
npm error missing: eslint-plugin-prettier@^5.0.0, required by ws@8.21.0
npm error missing: eslint@^10.0.1, required by ws@8.21.0
npm error missing: globals@^17.0.0, required by ws@8.21.0
npm error missing: mocha@^8.4.0, required by ws@8.21.0
npm error missing: nyc@^15.0.0, required by ws@8.21.0
npm error missing: prettier@^3.0.0, required by ws@8.21.0
npm error missing: utf-8-validate@^6.0.0, required by ws@8.21.0
npm error missing: @domenic/eslint-config@^3.0.0, required by xml-name-validator@5.0.0
npm error missing: benchmark@^2.1.4, required by xml-name-validator@5.0.0
npm error missing: eslint@^8.53.0, required by xml-name-validator@5.0.0
npm error missing: @npmcli/eslint-config@^7.0.0, required by semver@7.8.5
npm error missing: @npmcli/template-oss@5.0.0, required by semver@7.8.5
npm error missing: benchmark@^2.1.4, required by semver@7.8.5
npm error missing: tap@^16.0.0, required by semver@7.8.5
npm error missing: @ampproject/remapping@^2.3.0, required by vite@5.4.21
npm error missing: @babel/parser@^7.25.6, required by vite@5.4.21
npm error missing: @jridgewell/trace-mapping@^0.3.25, required by vite@5.4.21
npm error missing: @polka/compression@^1.0.0-next.25, required by vite@5.4.21
npm error missing: @rollup/plugin-alias@^5.1.0, required by vite@5.4.21
npm error missing: @rollup/plugin-commonjs@^26.0.1, required by vite@5.4.21
npm error missing: @rollup/plugin-dynamic-import-vars@^2.1.2, required by vite@5.4.21
npm error missing: @rollup/plugin-json@^6.1.0, required by vite@5.4.21
npm error missing: @rollup/plugin-node-resolve@15.2.3, required by vite@5.4.21
npm error missing: @rollup/pluginutils@^5.1.0, required by vite@5.4.21
npm error missing: @types/escape-html@^1.0.4, required by vite@5.4.21
npm error missing: @types/pnpapi@^0.0.5, required by vite@5.4.21
npm error missing: artichokie@^0.2.1, required by vite@5.4.21
npm error missing: cac@^6.7.14, required by vite@5.4.21
npm error missing: chokidar@^3.6.0, required by vite@5.4.21
npm error missing: connect@^3.7.0, required by vite@5.4.21
npm error missing: convert-source-map@^2.0.0, required by vite@5.4.21
npm error missing: cross-spawn@^7.0.3, required by vite@5.4.21
npm error invalid: debug@2.6.9 /home/una-stazia/Desktop/Work/TMTP/TMTP-project-aware-AI-mentor-for-developers/node_modules/.pnpm/node_modules/debug
npm error missing: dep-types@link:./src/types, required by vite@5.4.21
npm error missing: dotenv-expand@^11.0.6, required by vite@5.4.21
npm error missing: dotenv@^16.4.5, required by vite@5.4.21
npm error missing: es-module-lexer@^1.5.4, required by vite@5.4.21
npm error missing: estree-walker@^3.0.3, required by vite@5.4.21
npm error missing: fast-glob@^3.3.2, required by vite@5.4.21
npm error missing: http-proxy@^1.18.1, required by vite@5.4.21
npm error missing: launch-editor-middleware@^2.9.1, required by vite@5.4.21
npm error missing: lightningcss@^1.26.0, required by vite@5.4.21
npm error missing: magic-string@^0.30.11, required by vite@5.4.21
npm error missing: micromatch@^4.0.8, required by vite@5.4.21
npm error missing: mlly@^1.7.1, required by vite@5.4.21
npm error missing: mrmime@^2.0.0, required by vite@5.4.21
npm error missing: open@^8.4.2, required by vite@5.4.21
npm error missing: pathe@^1.1.2, required by vite@5.4.21
npm error missing: periscopic@^4.0.2, required by vite@5.4.21
npm error missing: picomatch@^2.3.1, required by vite@5.4.21
npm error missing: postcss-import@^16.1.0, required by vite@5.4.21
npm error missing: postcss-load-config@^4.0.2, required by vite@5.4.21
npm error missing: postcss-modules@^6.0.0, required by vite@5.4.21
npm error missing: resolve.exports@^2.0.2, required by vite@5.4.21
npm error missing: rollup-plugin-dts@^6.1.1, required by vite@5.4.21
npm error missing: rollup-plugin-esbuild@^6.1.1, required by vite@5.4.21
npm error missing: rollup-plugin-license@^3.5.2, required by vite@5.4.21
npm error missing: sass-embedded@^1.77.8, required by vite@5.4.21
npm error missing: sass@^1.77.8, required by vite@5.4.21
npm error missing: sirv@^2.0.4, required by vite@5.4.21
npm error missing: source-map-support@^0.5.21, required by vite@5.4.21
npm error missing: strip-ansi@^7.1.0, required by vite@5.4.21
npm error missing: strip-literal@^2.1.0, required by vite@5.4.21
npm error missing: tsconfck@^3.1.4, required by vite@5.4.21
npm error missing: types@link:./types, required by vite@5.4.21
npm error missing: ufo@^1.5.4, required by vite@5.4.21
npm error invalid: ws@8.21.0 /home/una-stazia/Desktop/Work/TMTP/TMTP-project-aware-AI-mentor-for-developers/node_modules/.pnpm/node_modules/ws
npm error missing: eslint@7, required by d3-ease@3.0.1
npm error missing: mocha@8, required by d3-ease@3.0.1
npm error missing: rollup-plugin-terser@7, required by d3-ease@3.0.1
npm error missing: eslint@7, required by d3-timer@3.0.1
npm error missing: mocha@8, required by d3-timer@3.0.1
npm error missing: rollup-plugin-terser@7, required by d3-timer@3.0.1
npm error missing: xo@^0.24.0, required by color-convert@2.0.1
npm error missing: ava@^1.4.1, required by has-flag@4.0.0
npm error missing: tsd@^0.7.2, required by has-flag@4.0.0
npm error missing: xo@^0.24.0, required by has-flag@4.0.0
npm error missing: @tanstack/vite-config@^0.2.0, required by @asamuzakjp/css-color@3.2.0
npm error missing: @vitest/coverage-istanbul@^3.1.4, required by @asamuzakjp/css-color@3.2.0
npm error missing: eslint-plugin-regexp@^2.7.0, required by @asamuzakjp/css-color@3.2.0
npm error missing: eslint@^9.27.0, required by @asamuzakjp/css-color@3.2.0
npm error missing: globals@^16.1.0, required by @asamuzakjp/css-color@3.2.0
npm error missing: knip@^5.56.0, required by @asamuzakjp/css-color@3.2.0
npm error missing: neostandard@^0.12.1, required by @asamuzakjp/css-color@3.2.0
npm error missing: prettier@^3.5.3, required by @asamuzakjp/css-color@3.2.0
npm error missing: publint@^0.3.12, required by @asamuzakjp/css-color@3.2.0
npm error missing: rimraf@^6.0.1, required by @asamuzakjp/css-color@3.2.0
npm error missing: tsup@^8.5.0, required by @asamuzakjp/css-color@3.2.0
npm error missing: vitest@^3.1.4, required by @asamuzakjp/css-color@3.2.0
npm error missing: @changesets/changelog-github@^0.5.0, required by rrweb-cssom@0.8.0
npm error missing: @changesets/cli@^2.27.1, required by rrweb-cssom@0.8.0
npm error missing: browserify-istanbul@^2.0.0, required by asynckit@0.4.0
npm error missing: browserify@^13.0.0, required by asynckit@0.4.0
npm error missing: coveralls@^2.11.9, required by asynckit@0.4.0
npm error missing: eslint@^2.9.0, required by asynckit@0.4.0
npm error missing: istanbul@^0.4.3, required by asynckit@0.4.0
npm error missing: obake@^0.1.2, required by asynckit@0.4.0
npm error missing: phantomjs-prebuilt@^2.1.7, required by asynckit@0.4.0
npm error missing: pre-commit@^1.1.3, required by asynckit@0.4.0
npm error missing: reamde@^1.1.0, required by asynckit@0.4.0
npm error missing: rimraf@^2.5.2, required by asynckit@0.4.0
npm error missing: size-table@^0.2.0, required by asynckit@0.4.0
npm error missing: tap-spec@^4.1.1, required by asynckit@0.4.0
npm error missing: tape@^4.5.1, required by asynckit@0.4.0
npm error missing: far@~0.0.7, required by combined-stream@1.0.8
npm error missing: @arethetypeswrong/cli@^0.17.2, required by es-set-tostringtag@2.1.0
npm error missing: @ljharb/eslint-config@^21.1.1, required by es-set-tostringtag@2.1.0
npm error missing: @ljharb/tsconfig@^0.2.3, required by es-set-tostringtag@2.1.0
npm error missing: @types/get-intrinsic@^1.2.3, required by es-set-tostringtag@2.1.0
npm error missing: @types/has-symbols@^1.0.2, required by es-set-tostringtag@2.1.0
npm error missing: @types/tape@^5.8.0, required by es-set-tostringtag@2.1.0
npm error missing: auto-changelog@^2.5.0, required by es-set-tostringtag@2.1.0
npm error missing: encoding@^0.1.13, required by es-set-tostringtag@2.1.0
npm error missing: eslint@=8.8.0, required by es-set-tostringtag@2.1.0
npm error missing: evalmd@^0.0.19, required by es-set-tostringtag@2.1.0
npm error missing: in-publish@^2.0.1, required by es-set-tostringtag@2.1.0
npm error missing: npmignore@^0.3.1, required by es-set-tostringtag@2.1.0
npm error missing: nyc@^10.3.2, required by es-set-tostringtag@2.1.0
npm error missing: safe-publish-latest@^2.0.0, required by es-set-tostringtag@2.1.0
npm error missing: tape@^5.9.0, required by es-set-tostringtag@2.1.0
npm error missing: @arethetypeswrong/cli@^0.18.2, required by hasown@2.0.4
npm error missing: @ljharb/eslint-config@^22.2.3, required by hasown@2.0.4
npm error missing: @ljharb/tsconfig@^0.3.2, required by hasown@2.0.4
npm error missing: @types/function-bind@^1.1.10, required by hasown@2.0.4
npm error missing: @types/tape@^5.8.1, required by hasown@2.0.4
npm error missing: auto-changelog@^2.5.1, required by hasown@2.0.4
npm error missing: eslint@^10.4.0, required by hasown@2.0.4
npm error missing: evalmd@^0.0.19, required by hasown@2.0.4
npm error missing: in-publish@^2.0.1, required by hasown@2.0.4
npm error missing: jiti@^0.0.0, required by hasown@2.0.4
npm error missing: mock-property@^1.1.0, required by hasown@2.0.4
npm error missing: npmignore@^0.3.5, required by hasown@2.0.4
npm error missing: nyc@^10.3.2, required by hasown@2.0.4
npm error missing: safe-publish-latest@^2.0.0, required by hasown@2.0.4
npm error missing: tape@^5.9.0, required by hasown@2.0.4
npm error missing: eslint-config-standard@14.1.1, required by mime-types@2.1.35
npm error missing: eslint-plugin-import@2.25.4, required by mime-types@2.1.35
npm error missing: eslint-plugin-markdown@2.2.1, required by mime-types@2.1.35
npm error missing: eslint-plugin-node@11.1.0, required by mime-types@2.1.35
npm error missing: eslint-plugin-promise@5.2.0, required by mime-types@2.1.35
npm error missing: eslint-plugin-standard@4.1.0, required by mime-types@2.1.35
npm error missing: eslint@7.32.0, required by mime-types@2.1.35
npm error missing: mocha@9.2.2, required by mime-types@2.1.35
npm error missing: nyc@15.1.0, required by mime-types@2.1.35
npm error missing: @types/debug@^4.1.7, required by agent-base@7.1.4
npm error missing: @types/jest@^29.5.1, required by agent-base@7.1.4
npm error missing: @types/semver@^7.3.13, required by agent-base@7.1.4
npm error missing: @types/ws@^6.0.4, required by agent-base@7.1.4
npm error missing: async-listen@^3.0.0, required by agent-base@7.1.4
npm error missing: jest@^29.5.0, required by agent-base@7.1.4
npm error missing: ts-jest@^29.1.0, required by agent-base@7.1.4
npm error missing: tsconfig@0.0.0, required by agent-base@7.1.4
npm error missing: brfs@^2.0.1, required by debug@4.4.3
npm error missing: browserify@^16.2.3, required by debug@4.4.3
npm error missing: coveralls@^3.0.2, required by debug@4.4.3
npm error missing: karma-browserify@^6.0.0, required by debug@4.4.3
npm error missing: karma-chrome-launcher@^2.2.0, required by debug@4.4.3
npm error missing: karma-mocha@^1.3.0, required by debug@4.4.3
npm error missing: karma@^3.1.4, required by debug@4.4.3
npm error missing: mocha-lcov-reporter@^1.2.0, required by debug@4.4.3
npm error missing: mocha@^5.2.0, required by debug@4.4.3
npm error missing: sinon@^14.0.0, required by debug@4.4.3
npm error missing: xo@^0.23.0, required by debug@4.4.3
npm error missing: @typescript-eslint/eslint-plugin@^8.33.1, required by entities@6.0.1
npm error missing: @typescript-eslint/parser@^8.33.1, required by entities@6.0.1
npm error missing: @vitest/coverage-v8@^2.1.8, required by entities@6.0.1
npm error missing: eslint-config-prettier@^10.1.5, required by entities@6.0.1
npm error missing: eslint-plugin-n@^17.19.0, required by entities@6.0.1
npm error missing: eslint-plugin-unicorn@^56.0.1, required by entities@6.0.1
npm error missing: eslint@^8.57.1, required by entities@6.0.1
npm error missing: prettier@^3.5.3, required by entities@6.0.1
npm error missing: tshy@^3.0.2, required by entities@6.0.1
npm error missing: typedoc@^0.28.5, required by entities@6.0.1
npm error missing: vitest@^2.0.2, required by entities@6.0.1
npm error missing: @commitlint/cli@^8.1.0, required by xmlchars@2.2.0
npm error missing: @commitlint/config-angular@^8.1.0, required by xmlchars@2.2.0
npm error missing: @types/chai@^4.2.1, required by xmlchars@2.2.0
npm error missing: @types/mocha@^5.2.7, required by xmlchars@2.2.0
npm error missing: chai@^4.2.0, required by xmlchars@2.2.0
npm error missing: conventional-changelog-cli@^2.0.23, required by xmlchars@2.2.0
npm error missing: husky@^3.0.5, required by xmlchars@2.2.0
npm error missing: mocha@^6.2.0, required by xmlchars@2.2.0
npm error missing: ts-node@^8.3.0, required by xmlchars@2.2.0
npm error missing: tslint-config-lddubeau@^4.1.0, required by xmlchars@2.2.0
npm error missing: tslint@^5.19.0, required by xmlchars@2.2.0
npm error missing: @rollup/plugin-node-resolve@^16.0.0, required by tldts@6.1.86
npm error missing: @rollup/plugin-terser@^0.4.0, required by tldts@6.1.86
npm error missing: @rollup/plugin-typescript@^12.1.0, required by tldts@6.1.86
npm error missing: @types/chai@^4.2.18, required by tldts@6.1.86
npm error missing: @types/mocha@^10.0.0, required by tldts@6.1.86
npm error missing: chai@^4.4.1, required by tldts@6.1.86
npm error missing: mocha@^11.0.1, required by tldts@6.1.86
npm error missing: nyc@^17.0.0, required by tldts@6.1.86
npm error missing: rimraf@^5.0.1, required by tldts@6.1.86
npm error missing: rollup-plugin-sourcemaps@^0.6.1, required by tldts@6.1.86
npm error missing: tldts-tests@^6.1.86, required by tldts@6.1.86
npm error missing: async@^3.2.0, required by iconv-lite@0.6.3
npm error missing: c8@^7.2.0, required by iconv-lite@0.6.3
npm error missing: errto@^0.2.1, required by iconv-lite@0.6.3
npm error missing: iconv@^2.3.5, required by iconv-lite@0.6.3
npm error missing: mocha@^3.5.3, required by iconv-lite@0.6.3
npm error missing: request@^2.88.2, required by iconv-lite@0.6.3
npm error missing: unorm@^1.6.0, required by iconv-lite@0.6.3
npm error missing: @domenic/eslint-config@^4.0.1, required by tr46@5.1.1
npm error missing: @unicode/unicode-16.0.0@^1.6.5, required by tr46@5.1.1
npm error missing: eslint@^9.22.0, required by tr46@5.1.1
npm error missing: globals@^16.0.0, required by tr46@5.1.1
npm error missing: regenerate@^1.4.2, required by tr46@5.1.1
npm error missing: after@0.8.2, required by cors@2.8.5
npm error missing: eslint@2.13.1, required by cors@2.8.5
npm error invalid: express@4.22.1 /home/una-stazia/Desktop/Work/TMTP/TMTP-project-aware-AI-mentor-for-developers/node_modules/.pnpm/node_modules/express
npm error missing: mocha@5.2.0, required by cors@2.8.5
npm error missing: nyc@13.1.0, required by cors@2.8.5
npm error missing: supertest@3.3.0, required by cors@2.8.5
npm error missing: browserify@9.0.3, required by debug@2.6.9
npm error missing: chai@^3.5.0, required by debug@2.6.9
npm error missing: concurrently@^3.1.0, required by debug@2.6.9
npm error missing: coveralls@^2.11.15, required by debug@2.6.9
npm error missing: eslint@^3.12.1, required by debug@2.6.9
npm error missing: istanbul@^0.4.5, required by debug@2.6.9
npm error missing: karma-chai@^0.1.0, required by debug@2.6.9
npm error missing: karma-mocha@^1.3.0, required by debug@2.6.9
npm error missing: karma-phantomjs-launcher@^1.0.2, required by debug@2.6.9
npm error missing: karma-sinon@^1.0.5, required by debug@2.6.9
npm error missing: karma@^1.3.0, required by debug@2.6.9
npm error missing: mocha-lcov-reporter@^1.2.0, required by debug@2.6.9
npm error missing: mocha@^3.2.0, required by debug@2.6.9
npm error missing: rimraf@^2.5.4, required by debug@2.6.9
npm error missing: sinon-chai@^2.8.0, required by debug@2.6.9
npm error missing: sinon@^1.17.6, required by debug@2.6.9
npm error missing: beautify-benchmark@0.2.4, required by escape-html@1.0.3
npm error missing: benchmark@1.0.0, required by escape-html@1.0.3
npm error missing: beautify-benchmark@0.2.4, required by etag@1.8.1
npm error missing: benchmark@2.1.4, required by etag@1.8.1
npm error missing: eslint-config-standard@10.2.1, required by etag@1.8.1
npm error missing: eslint-plugin-import@2.7.0, required by etag@1.8.1
npm error missing: eslint-plugin-markdown@1.0.0-beta.6, required by etag@1.8.1
npm error missing: eslint-plugin-node@5.1.1, required by etag@1.8.1
npm error missing: eslint-plugin-promise@3.5.0, required by etag@1.8.1
npm error missing: eslint-plugin-standard@3.0.1, required by etag@1.8.1
npm error missing: eslint@3.19.0, required by etag@1.8.1
npm error missing: istanbul@0.4.5, required by etag@1.8.1
npm error missing: mocha@1.21.5, required by etag@1.8.1
npm error invalid: safe-buffer@5.2.1 /home/una-stazia/Desktop/Work/TMTP/TMTP-project-aware-AI-mentor-for-developers/node_modules/.pnpm/node_modules/safe-buffer
npm error missing: seedrandom@2.4.3, required by etag@1.8.1
npm error missing: @types/tap@^15.0.6, required by lru-cache@10.4.3
npm error missing: benchmark@^2.1.4, required by lru-cache@10.4.3
npm error missing: eslint-config-prettier@^8.5.0, required by lru-cache@10.4.3
npm error missing: marked@^4.2.12, required by lru-cache@10.4.3
npm error invalid: mkdirp@0.5.6 /home/una-stazia/Desktop/Work/TMTP/TMTP-project-aware-AI-mentor-for-developers/node_modules/.pnpm/node_modules/mkdirp
npm error missing: prettier@^2.6.2, required by lru-cache@10.4.3
npm error missing: tap@^20.0.3, required by lru-cache@10.4.3
npm error missing: tshy@^2.0.0, required by lru-cache@10.4.3
npm error missing: typedoc@^0.25.3, required by lru-cache@10.4.3
npm error missing: fake@0.2.0, required by delayed-stream@1.0.0
npm error missing: far@0.0.1, required by delayed-stream@1.0.0
npm error missing: @ljharb/eslint-config@^21.1.0, required by es-errors@1.3.0
npm error missing: @types/tape@^5.6.4, required by es-errors@1.3.0
npm error missing: aud@^2.0.4, required by es-errors@1.3.0
npm error missing: auto-changelog@^2.4.0, required by es-errors@1.3.0
npm error missing: eclint@^2.8.1, required by es-errors@1.3.0
npm error missing: eslint@^8.8.0, required by es-errors@1.3.0
npm error missing: evalmd@^0.0.19, required by es-errors@1.3.0
npm error missing: in-publish@^2.0.1, required by es-errors@1.3.0
npm error missing: npmignore@^0.3.1, required by es-errors@1.3.0
npm error missing: nyc@^10.3.2, required by es-errors@1.3.0
npm error missing: safe-publish-latest@^2.0.0, required by es-errors@1.3.0
npm error missing: tape@^5.7.4, required by es-errors@1.3.0
npm error missing: @ljharb/eslint-config@^21.1.1, required by get-intrinsic@1.3.0
npm error missing: auto-changelog@^2.5.0, required by get-intrinsic@1.3.0
npm error missing: encoding@^0.1.13, required by get-intrinsic@1.3.0
npm error missing: es-abstract@^1.23.9, required by get-intrinsic@1.3.0
npm error missing: es-value-fixtures@^1.7.1, required by get-intrinsic@1.3.0
npm error missing: eslint@=8.8.0, required by get-intrinsic@1.3.0
npm error missing: evalmd@^0.0.19, required by get-intrinsic@1.3.0
npm error missing: for-each@^0.3.5, required by get-intrinsic@1.3.0
npm error missing: make-async-function@^1.0.0, required by get-intrinsic@1.3.0
npm error missing: make-async-generator-function@^1.0.0, required by get-intrinsic@1.3.0
npm error missing: make-generator-function@^2.0.0, required by get-intrinsic@1.3.0
npm error missing: mock-property@^1.1.0, required by get-intrinsic@1.3.0
npm error missing: npmignore@^0.3.1, required by get-intrinsic@1.3.0
npm error missing: nyc@^10.3.2, required by get-intrinsic@1.3.0
npm error missing: safe-publish-latest@^2.0.0, required by get-intrinsic@1.3.0
npm error missing: tape@^5.9.0, required by get-intrinsic@1.3.0
npm error missing: @ljharb/eslint-config@^21.1.0, required by has-tostringtag@1.0.2
npm error missing: @types/has-symbols@^1.0.2, required by has-tostringtag@1.0.2
npm error missing: @types/tape@^5.6.4, required by has-tostringtag@1.0.2
npm error missing: aud@^2.0.4, required by has-tostringtag@1.0.2
npm error missing: auto-changelog@^2.4.0, required by has-tostringtag@1.0.2
npm error missing: core-js@^2.6.12, required by has-tostringtag@1.0.2
npm error missing: eslint@=8.8.0, required by has-tostringtag@1.0.2
npm error missing: get-own-property-symbols@^0.9.5, required by has-tostringtag@1.0.2
npm error missing: in-publish@^2.0.1, required by has-tostringtag@1.0.2
npm error missing: npmignore@^0.3.1, required by has-tostringtag@1.0.2
npm error missing: nyc@^10.3.2, required by has-tostringtag@1.0.2
npm error missing: safe-publish-latest@^2.0.0, required by has-tostringtag@1.0.2
npm error missing: tape@^5.7.4, required by has-tostringtag@1.0.2
npm error missing: @ljharb/eslint-config@^21.1.0, required by function-bind@1.1.2
npm error missing: aud@^2.0.3, required by function-bind@1.1.2
npm error missing: auto-changelog@^2.4.0, required by function-bind@1.1.2
npm error missing: eslint@=8.8.0, required by function-bind@1.1.2
npm error missing: in-publish@^2.0.1, required by function-bind@1.1.2
npm error missing: npmignore@^0.3.0, required by function-bind@1.1.2
npm error missing: nyc@^10.3.2, required by function-bind@1.1.2
npm error missing: safe-publish-latest@^2.0.0, required by function-bind@1.1.2
npm error missing: tape@^5.7.1, required by function-bind@1.1.2
npm error missing: bluebird@3.7.2, required by mime-db@1.52.0
npm error missing: co@4.6.0, required by mime-db@1.52.0
npm error missing: cogent@1.0.1, required by mime-db@1.52.0
npm error missing: csv-parse@4.16.3, required by mime-db@1.52.0
npm error missing: eslint-config-standard@15.0.1, required by mime-db@1.52.0
npm error missing: eslint-plugin-import@2.25.4, required by mime-db@1.52.0
npm error missing: eslint-plugin-markdown@2.2.1, required by mime-db@1.52.0
npm error missing: eslint-plugin-node@11.1.0, required by mime-db@1.52.0
npm error missing: eslint-plugin-promise@5.1.1, required by mime-db@1.52.0
npm error missing: eslint-plugin-standard@4.1.0, required by mime-db@1.52.0
npm error missing: eslint@7.32.0, required by mime-db@1.52.0
npm error missing: gnode@0.1.2, required by mime-db@1.52.0
npm error invalid: media-typer@0.3.0 /home/una-stazia/Desktop/Work/TMTP/TMTP-project-aware-AI-mentor-for-developers/node_modules/.pnpm/node_modules/media-typer
npm error missing: mocha@9.2.1, required by mime-db@1.52.0
npm error missing: nyc@15.1.0, required by mime-db@1.52.0
npm error invalid: raw-body@2.5.3 /home/una-stazia/Desktop/Work/TMTP/TMTP-project-aware-AI-mentor-for-developers/node_modules/.pnpm/node_modules/raw-body
npm error missing: stream-to-array@2.3.0, required by mime-db@1.52.0
npm error missing: @rollup/plugin-node-resolve@^16.0.0, required by tldts-core@6.1.86
npm error missing: @rollup/plugin-typescript@^12.1.0, required by tldts-core@6.1.86
npm error missing: @types/chai@^4.2.18, required by tldts-core@6.1.86
npm error missing: @types/mocha@^10.0.0, required by tldts-core@6.1.86
npm error missing: chai@^4.4.1, required by tldts-core@6.1.86
npm error missing: mocha@^11.0.1, required by tldts-core@6.1.86
npm error missing: nyc@^17.0.0, required by tldts-core@6.1.86
npm error missing: rimraf@^5.0.1, required by tldts-core@6.1.86
npm error missing: rollup-plugin-sourcemaps@^0.6.1, required by tldts-core@6.1.86
npm error missing: standard@^11.0.1, required by safer-buffer@2.1.2
npm error missing: tape@^4.9.0, required by safer-buffer@2.1.2
npm error missing: codecov@^3.8.3, required by punycode@2.3.1
npm error missing: mocha@^10.2.0, required by punycode@2.3.1
npm error missing: nyc@^15.1.0, required by punycode@2.3.1
npm error missing: after@0.8.2, required by express@4.22.1
npm error missing: connect-redis@3.4.2, required by express@4.22.1
npm error missing: cookie-parser@1.4.6, required by express@4.22.1
npm error missing: cookie-session@2.0.0, required by express@4.22.1
npm error missing: ejs@3.1.9, required by express@4.22.1
npm error missing: eslint@8.47.0, required by express@4.22.1
npm error missing: express-session@1.17.2, required by express@4.22.1
npm error missing: hbs@4.2.0, required by express@4.22.1
npm error missing: marked@0.7.0, required by express@4.22.1
npm error missing: method-override@3.0.0, required by express@4.22.1
npm error missing: mocha@^6.2.2, required by express@4.22.1
npm error missing: morgan@1.10.0, required by express@4.22.1
npm error missing: nyc@^14.1.1, required by express@4.22.1
npm error missing: pbkdf2-password@1.2.1, required by express@4.22.1
npm error missing: supertest@^6.1.6, required by express@4.22.1
npm error missing: vhost@~3.0.2, required by express@4.22.1
npm error missing: ava@^0.16.0, required by object-assign@4.1.1
npm error missing: lodash@^4.16.4, required by object-assign@4.1.1
npm error missing: matcha@^0.7.0, required by object-assign@4.1.1
npm error missing: xo@^0.16.0, required by object-assign@4.1.1
npm error missing: beautify-benchmark@0.2.4, required by vary@1.1.2
npm error missing: benchmark@2.1.4, required by vary@1.1.2
npm error missing: eslint-config-standard@10.2.1, required by vary@1.1.2
npm error missing: eslint-plugin-import@2.7.0, required by vary@1.1.2
npm error missing: eslint-plugin-markdown@1.0.0-beta.6, required by vary@1.1.2
npm error missing: eslint-plugin-node@5.1.1, required by vary@1.1.2
npm error missing: eslint-plugin-promise@3.5.0, required by vary@1.1.2
npm error missing: eslint-plugin-standard@3.0.1, required by vary@1.1.2
npm error missing: eslint@3.19.0, required by vary@1.1.2
npm error missing: istanbul@0.4.5, required by vary@1.1.2
npm error missing: mocha@2.5.3, required by vary@1.1.2
npm error missing: supertest@1.1.0, required by vary@1.1.2
npm error missing: eslint@3.19.0, required by ms@2.0.0
npm error missing: expect.js@0.3.1, required by ms@2.0.0
npm error missing: husky@0.13.3, required by ms@2.0.0
npm error missing: lint-staged@3.4.1, required by ms@2.0.0
npm error missing: mocha@3.4.1, required by ms@2.0.0
npm error missing: standard@*, required by safe-buffer@5.2.1
npm error missing: tape@^5.0.0, required by safe-buffer@5.2.1
npm error missing: @arethetypeswrong/cli@^0.17.3, required by call-bind-apply-helpers@1.0.2
npm error missing: @ljharb/eslint-config@^21.1.1, required by call-bind-apply-helpers@1.0.2
npm error missing: @ljharb/tsconfig@^0.2.3, required by call-bind-apply-helpers@1.0.2
npm error missing: @types/for-each@^0.3.3, required by call-bind-apply-helpers@1.0.2
npm error missing: @types/function-bind@^1.1.10, required by call-bind-apply-helpers@1.0.2
npm error missing: @types/object-inspect@^1.13.0, required by call-bind-apply-helpers@1.0.2
npm error missing: @types/tape@^5.8.1, required by call-bind-apply-helpers@1.0.2
npm error missing: auto-changelog@^2.5.0, required by call-bind-apply-helpers@1.0.2
npm error missing: encoding@^0.1.13, required by call-bind-apply-helpers@1.0.2
npm error missing: es-value-fixtures@^1.7.1, required by call-bind-apply-helpers@1.0.2
npm error missing: eslint@=8.8.0, required by call-bind-apply-helpers@1.0.2
npm error missing: evalmd@^0.0.19, required by call-bind-apply-helpers@1.0.2
npm error missing: for-each@^0.3.5, required by call-bind-apply-helpers@1.0.2
npm error missing: has-strict-mode@^1.1.0, required by call-bind-apply-helpers@1.0.2
npm error missing: in-publish@^2.0.1, required by call-bind-apply-helpers@1.0.2
npm error missing: npmignore@^0.3.1, required by call-bind-apply-helpers@1.0.2
npm error missing: nyc@^10.3.2, required by call-bind-apply-helpers@1.0.2
npm error missing: safe-publish-latest@^2.0.0, required by call-bind-apply-helpers@1.0.2
npm error missing: tape@^5.9.0, required by call-bind-apply-helpers@1.0.2
npm error missing: @arethetypeswrong/cli@^0.17.4, required by call-bound@1.0.4
npm error missing: @ljharb/eslint-config@^21.1.1, required by call-bound@1.0.4
npm error missing: @ljharb/tsconfig@^0.3.0, required by call-bound@1.0.4
npm error missing: @types/call-bind@^1.0.5, required by call-bound@1.0.4
npm error missing: @types/get-intrinsic@^1.2.3, required by call-bound@1.0.4
npm error missing: @types/tape@^5.8.1, required by call-bound@1.0.4
npm error missing: auto-changelog@^2.5.0, required by call-bound@1.0.4
npm error missing: encoding@^0.1.13, required by call-bound@1.0.4
npm error missing: es-value-fixtures@^1.7.1, required by call-bound@1.0.4
npm error missing: eslint@=8.8.0, required by call-bound@1.0.4
npm error missing: evalmd@^0.0.19, required by call-bound@1.0.4
npm error missing: for-each@^0.3.5, required by call-bound@1.0.4
npm error missing: has-strict-mode@^1.1.0, required by call-bound@1.0.4
npm error missing: in-publish@^2.0.1, required by call-bound@1.0.4
npm error missing: npmignore@^0.3.1, required by call-bound@1.0.4
npm error missing: nyc@^10.3.2, required by call-bound@1.0.4
npm error missing: safe-publish-latest@^2.0.0, required by call-bound@1.0.4
npm error missing: tape@^5.9.0, required by call-bound@1.0.4
npm error missing: @ljharb/eslint-config@^21.1.1, required by es-define-property@1.0.1
npm error missing: @ljharb/tsconfig@^0.2.2, required by es-define-property@1.0.1
npm error missing: @types/gopd@^1.0.3, required by es-define-property@1.0.1
npm error missing: @types/tape@^5.6.5, required by es-define-property@1.0.1
npm error missing: auto-changelog@^2.5.0, required by es-define-property@1.0.1
npm error missing: encoding@^0.1.13, required by es-define-property@1.0.1
npm error missing: eslint@^8.8.0, required by es-define-property@1.0.1
npm error missing: evalmd@^0.0.19, required by es-define-property@1.0.1
npm error missing: in-publish@^2.0.1, required by es-define-property@1.0.1
npm error missing: npmignore@^0.3.1, required by es-define-property@1.0.1
npm error missing: nyc@^10.3.2, required by es-define-property@1.0.1
npm error missing: safe-publish-latest@^2.0.0, required by es-define-property@1.0.1
npm error missing: tape@^5.9.0, required by es-define-property@1.0.1
npm error missing: @ljharb/eslint-config@^22.2.3, required by es-object-atoms@1.1.2
npm error missing: @ljharb/tsconfig@^0.3.2, required by es-object-atoms@1.1.2
npm error missing: @types/tape@^5.8.1, required by es-object-atoms@1.1.2
npm error missing: auto-changelog@^2.5.1, required by es-object-atoms@1.1.2
npm error missing: eclint@^2.8.1, required by es-object-atoms@1.1.2
npm error missing: eslint@^8.57.1, required by es-object-atoms@1.1.2
npm error missing: evalmd@^0.0.19, required by es-object-atoms@1.1.2
npm error missing: in-publish@^2.0.1, required by es-object-atoms@1.1.2
npm error missing: npmignore@^0.3.5, required by es-object-atoms@1.1.2
npm error missing: nyc@^10.3.2, required by es-object-atoms@1.1.2
npm error missing: safe-publish-latest@^2.0.0, required by es-object-atoms@1.1.2
npm error missing: tape@^5.9.0, required by es-object-atoms@1.1.2
npm error missing: @arethetypeswrong/cli@^0.17.2, required by get-proto@1.0.1
npm error missing: @ljharb/eslint-config@^21.1.1, required by get-proto@1.0.1
npm error missing: @ljharb/tsconfig@^0.2.3, required by get-proto@1.0.1
npm error missing: @types/tape@^5.8.0, required by get-proto@1.0.1
npm error missing: auto-changelog@^2.5.0, required by get-proto@1.0.1
npm error missing: eslint@=8.8.0, required by get-proto@1.0.1
npm error missing: evalmd@^0.0.19, required by get-proto@1.0.1
npm error missing: in-publish@^2.0.1, required by get-proto@1.0.1
npm error missing: npmignore@^0.3.1, required by get-proto@1.0.1
npm error missing: nyc@^10.3.2, required by get-proto@1.0.1
npm error missing: safe-publish-latest@^2.0.0, required by get-proto@1.0.1
npm error missing: tape@^5.9.0, required by get-proto@1.0.1
npm error missing: @arethetypeswrong/cli@^0.17.0, required by gopd@1.2.0
npm error missing: @ljharb/eslint-config@^21.1.1, required by gopd@1.2.0
npm error missing: @ljharb/tsconfig@^0.2.0, required by gopd@1.2.0
npm error missing: @types/tape@^5.6.5, required by gopd@1.2.0
npm error missing: auto-changelog@^2.5.0, required by gopd@1.2.0
npm error missing: encoding@^0.1.13, required by gopd@1.2.0
npm error missing: eslint@=8.8.0, required by gopd@1.2.0
npm error missing: evalmd@^0.0.19, required by gopd@1.2.0
npm error missing: in-publish@^2.0.1, required by gopd@1.2.0
npm error missing: npmignore@^0.3.1, required by gopd@1.2.0
npm error missing: safe-publish-latest@^2.0.0, required by gopd@1.2.0
npm error missing: tape@^5.9.0, required by gopd@1.2.0
npm error missing: @arethetypeswrong/cli@^0.17.0, required by has-symbols@1.1.0
npm error missing: @ljharb/eslint-config@^21.1.1, required by has-symbols@1.1.0
npm error missing: @ljharb/tsconfig@^0.2.0, required by has-symbols@1.1.0
npm error missing: @types/core-js@^2.5.8, required by has-symbols@1.1.0
npm error missing: @types/tape@^5.6.5, required by has-symbols@1.1.0
npm error missing: auto-changelog@^2.5.0, required by has-symbols@1.1.0
npm error missing: core-js@^2.6.12, required by has-symbols@1.1.0
npm error missing: encoding@^0.1.13, required by has-symbols@1.1.0
npm error missing: eslint@=8.8.0, required by has-symbols@1.1.0
npm error missing: get-own-property-symbols@^0.9.5, required by has-symbols@1.1.0
npm error missing: in-publish@^2.0.1, required by has-symbols@1.1.0
npm error missing: npmignore@^0.3.1, required by has-symbols@1.1.0
npm error missing: nyc@^10.3.2, required by has-symbols@1.1.0
npm error missing: safe-publish-latest@^2.0.0, required by has-symbols@1.1.0
npm error missing: tape@^5.9.0, required by has-symbols@1.1.0
npm error missing: @arethetypeswrong/cli@^0.17.1, required by math-intrinsics@1.1.0
npm error missing: @ljharb/eslint-config@^21.1.1, required by math-intrinsics@1.1.0
npm error missing: @ljharb/tsconfig@^0.2.2, required by math-intrinsics@1.1.0
npm error missing: @types/for-each@^0.3.3, required by math-intrinsics@1.1.0
npm error missing: @types/object-inspect@^1.13.0, required by math-intrinsics@1.1.0
npm error missing: @types/tape@^5.8.0, required by math-intrinsics@1.1.0
npm error missing: auto-changelog@^2.5.0, required by math-intrinsics@1.1.0
npm error missing: eclint@^2.8.1, required by math-intrinsics@1.1.0
npm error missing: es-value-fixtures@^1.5.0, required by math-intrinsics@1.1.0
npm error missing: eslint@^8.8.0, required by math-intrinsics@1.1.0
npm error missing: evalmd@^0.0.19, required by math-intrinsics@1.1.0
npm error missing: for-each@^0.3.3, required by math-intrinsics@1.1.0
npm error missing: in-publish@^2.0.1, required by math-intrinsics@1.1.0
npm error missing: npmignore@^0.3.1, required by math-intrinsics@1.1.0
npm error missing: nyc@^10.3.2, required by math-intrinsics@1.1.0
npm error missing: safe-publish-latest@^2.0.0, required by math-intrinsics@1.1.0
npm error missing: tape@^5.9.0, required by math-intrinsics@1.1.0
npm error missing: @ljharb/eslint-config@^21.1.1, required by object-inspect@1.13.4
npm error missing: @pkgjs/support@^0.0.6, required by object-inspect@1.13.4
npm error missing: auto-changelog@^2.5.0, required by object-inspect@1.13.4
npm error missing: core-js@^2.6.12, required by object-inspect@1.13.4
npm error missing: error-cause@^1.0.8, required by object-inspect@1.13.4
npm error missing: es-value-fixtures@^1.7.1, required by object-inspect@1.13.4
npm error missing: eslint@=8.8.0, required by object-inspect@1.13.4
npm error missing: for-each@^0.3.4, required by object-inspect@1.13.4
npm error missing: functions-have-names@^1.2.3, required by object-inspect@1.13.4
npm error missing: glob@=10.3.7, required by object-inspect@1.13.4
npm error missing: globalthis@^1.0.4, required by object-inspect@1.13.4
npm error missing: in-publish@^2.0.1, required by object-inspect@1.13.4
npm error missing: jackspeak@=2.1.1, required by object-inspect@1.13.4
npm error missing: make-arrow-function@^1.2.0, required by object-inspect@1.13.4
npm error missing: mock-property@^1.1.0, required by object-inspect@1.13.4
npm error missing: npmignore@^0.3.1, required by object-inspect@1.13.4
npm error missing: nyc@^10.3.2, required by object-inspect@1.13.4
npm error missing: safe-publish-latest@^2.0.0, required by object-inspect@1.13.4
npm error missing: string.prototype.repeat@^1.0.0, required by object-inspect@1.13.4
npm error missing: tape@^5.9.0, required by object-inspect@1.13.4
npm error missing: istanbul@0.3.2, required by media-typer@0.3.0
npm error missing: mocha@~1.21.4, required by media-typer@0.3.0
npm error missing: should@~4.0.4, required by media-typer@0.3.0
npm error missing: bluebird@3.7.2, required by raw-body@2.5.3
npm error missing: eslint-config-standard@15.0.1, required by raw-body@2.5.3
npm error missing: eslint-plugin-import@2.27.5, required by raw-body@2.5.3
npm error missing: eslint-plugin-markdown@3.0.0, required by raw-body@2.5.3
npm error missing: eslint-plugin-node@11.1.0, required by raw-body@2.5.3
npm error missing: eslint-plugin-promise@6.1.1, required by raw-body@2.5.3
npm error missing: eslint-plugin-standard@4.1.0, required by raw-body@2.5.3
npm error missing: eslint@8.34.0, required by raw-body@2.5.3
npm error missing: mocha@10.2.0, required by raw-body@2.5.3
npm error missing: nyc@15.1.0, required by raw-body@2.5.3
npm error invalid: readable-stream@3.6.2 /home/una-stazia/Desktop/Work/TMTP/TMTP-project-aware-AI-mentor-for-developers/node_modules/.pnpm/node_modules/readable-stream
npm error missing: deep-equal@1.0.1, required by accepts@1.3.8
npm error missing: eslint-config-standard@14.1.1, required by accepts@1.3.8
npm error missing: eslint-plugin-import@2.25.4, required by accepts@1.3.8
npm error missing: eslint-plugin-markdown@2.2.1, required by accepts@1.3.8
npm error missing: eslint-plugin-node@11.1.0, required by accepts@1.3.8
npm error missing: eslint-plugin-promise@4.3.1, required by accepts@1.3.8
npm error missing: eslint-plugin-standard@4.1.0, required by accepts@1.3.8
npm error missing: eslint@7.32.0, required by accepts@1.3.8
npm error missing: mocha@9.2.0, required by accepts@1.3.8
npm error missing: nyc@15.1.0, required by accepts@1.3.8
npm error missing: istanbul@^0.3.13, required by array-flatten@1.1.1
npm error missing: mocha@^2.2.4, required by array-flatten@1.1.1
npm error missing: pre-commit@^1.0.7, required by array-flatten@1.1.1
npm error missing: standard@^3.7.3, required by array-flatten@1.1.1
npm error missing: eslint-config-standard@14.1.1, required by body-parser@1.20.4
npm error missing: eslint-plugin-import@2.27.5, required by body-parser@1.20.4
npm error missing: eslint-plugin-markdown@3.0.0, required by body-parser@1.20.4
npm error missing: eslint-plugin-node@11.1.0, required by body-parser@1.20.4
npm error missing: eslint-plugin-promise@6.1.1, required by body-parser@1.20.4
npm error missing: eslint-plugin-standard@4.1.0, required by body-parser@1.20.4
npm error missing: eslint@8.34.0, required by body-parser@1.20.4
npm error missing: mocha@10.2.0, required by body-parser@1.20.4
npm error missing: nyc@15.1.0, required by body-parser@1.20.4
npm error missing: supertest@6.3.3, required by body-parser@1.20.4
npm error missing: deep-equal@1.0.1, required by content-disposition@0.5.4
npm error missing: eslint-config-standard@13.0.1, required by content-disposition@0.5.4
npm error missing: eslint-plugin-import@2.25.3, required by content-disposition@0.5.4
npm error missing: eslint-plugin-markdown@2.2.1, required by content-disposition@0.5.4
npm error missing: eslint-plugin-node@11.1.0, required by content-disposition@0.5.4
npm error missing: eslint-plugin-promise@5.2.0, required by content-disposition@0.5.4
npm error missing: eslint-plugin-standard@4.1.0, required by content-disposition@0.5.4
npm error missing: eslint@7.32.0, required by content-disposition@0.5.4
npm error missing: istanbul@0.4.5, required by content-disposition@0.5.4
npm error missing: mocha@9.1.3, required by content-disposition@0.5.4
npm error missing: deep-equal@1.0.1, required by content-type@1.0.5
npm error missing: eslint-config-standard@15.0.1, required by content-type@1.0.5
npm error missing: eslint-plugin-import@2.27.5, required by content-type@1.0.5
npm error missing: eslint-plugin-node@11.1.0, required by content-type@1.0.5
npm error missing: eslint-plugin-promise@6.1.1, required by content-type@1.0.5
npm error missing: eslint-plugin-standard@4.1.0, required by content-type@1.0.5
npm error missing: eslint@8.32.0, required by content-type@1.0.5
npm error missing: mocha@10.2.0, required by content-type@1.0.5
npm error missing: nyc@15.1.0, required by content-type@1.0.5
npm error missing: mocha@*, required by cookie-signature@1.0.7
npm error missing: should@*, required by cookie-signature@1.0.7
npm error missing: beautify-benchmark@0.2.4, required by cookie@0.7.2
npm error missing: benchmark@2.1.4, required by cookie@0.7.2
npm error missing: eslint-plugin-markdown@3.0.1, required by cookie@0.7.2
npm error missing: eslint@8.53.0, required by cookie@0.7.2
npm error missing: mocha@10.2.0, required by cookie@0.7.2
npm error missing: nyc@15.1.0, required by cookie@0.7.2
npm error missing: top-sites@1.1.194, required by cookie@0.7.2
npm error missing: beautify-benchmark@0.2.4, required by depd@2.0.0
npm error missing: benchmark@2.1.4, required by depd@2.0.0
npm error missing: eslint-config-standard@12.0.0, required by depd@2.0.0
npm error missing: eslint-plugin-import@2.14.0, required by depd@2.0.0
npm error missing: eslint-plugin-markdown@1.0.0-beta.7, required by depd@2.0.0
npm error missing: eslint-plugin-node@7.0.1, required by depd@2.0.0
npm error missing: eslint-plugin-promise@4.0.1, required by depd@2.0.0
npm error missing: eslint-plugin-standard@4.0.0, required by depd@2.0.0
npm error missing: eslint@5.7.0, required by depd@2.0.0
npm error missing: istanbul@0.4.5, required by depd@2.0.0
npm error missing: mocha@5.2.0, required by depd@2.0.0
npm error missing: uid-safe@2.1.5, required by depd@2.0.0
npm error missing: eslint-config-standard@12.0.0, required by encodeurl@2.0.0
npm error missing: eslint-plugin-import@2.14.0, required by encodeurl@2.0.0
npm error missing: eslint-plugin-node@7.0.1, required by encodeurl@2.0.0
npm error missing: eslint-plugin-promise@4.0.1, required by encodeurl@2.0.0
npm error missing: eslint-plugin-standard@4.0.0, required by encodeurl@2.0.0
npm error missing: eslint@5.11.1, required by encodeurl@2.0.0
npm error missing: istanbul@0.4.5, required by encodeurl@2.0.0
npm error missing: mocha@2.5.3, required by encodeurl@2.0.0
npm error missing: eslint-config-standard@14.1.1, required by finalhandler@1.3.2
npm error missing: eslint-plugin-import@2.26.0, required by finalhandler@1.3.2
npm error missing: eslint-plugin-markdown@2.2.1, required by finalhandler@1.3.2
npm error missing: eslint-plugin-node@11.1.0, required by finalhandler@1.3.2
npm error missing: eslint-plugin-promise@5.2.0, required by finalhandler@1.3.2
npm error missing: eslint-plugin-standard@4.1.0, required by finalhandler@1.3.2
npm error missing: eslint@7.32.0, required by finalhandler@1.3.2
npm error missing: mocha@10.0.0, required by finalhandler@1.3.2
npm error missing: nyc@15.1.0, required by finalhandler@1.3.2
npm error missing: supertest@6.2.4, required by finalhandler@1.3.2
npm error missing: beautify-benchmark@0.2.4, required by fresh@0.5.2
npm error missing: benchmark@2.1.4, required by fresh@0.5.2
npm error missing: eslint-config-standard@10.2.1, required by fresh@0.5.2
npm error missing: eslint-plugin-import@2.7.0, required by fresh@0.5.2
npm error missing: eslint-plugin-markdown@1.0.0-beta.6, required by fresh@0.5.2
npm error missing: eslint-plugin-node@5.1.1, required by fresh@0.5.2
npm error missing: eslint-plugin-promise@3.5.0, required by fresh@0.5.2
npm error missing: eslint-plugin-standard@3.0.1, required by fresh@0.5.2
npm error missing: eslint@3.19.0, required by fresh@0.5.2
npm error missing: istanbul@0.4.5, required by fresh@0.5.2
npm error missing: mocha@1.21.5, required by fresh@0.5.2
npm error missing: eslint-config-standard@14.1.1, required by http-errors@2.0.1
npm error missing: eslint-plugin-import@2.32.0, required by http-errors@2.0.1
npm error missing: eslint-plugin-markdown@2.2.1, required by http-errors@2.0.1
npm error missing: eslint-plugin-node@11.1.0, required by http-errors@2.0.1
npm error missing: eslint-plugin-promise@5.2.0, required by http-errors@2.0.1
npm error missing: eslint-plugin-standard@4.1.0, required by http-errors@2.0.1
npm error missing: eslint@7.32.0, required by http-errors@2.0.1
npm error missing: mocha@9.1.3, required by http-errors@2.0.1
npm error missing: nyc@15.1.0, required by http-errors@2.0.1
npm error missing: eslint-config-standard@12.0.0, required by merge-descriptors@1.0.3
npm error missing: eslint-plugin-import@2.14.0, required by merge-descriptors@1.0.3
npm error missing: eslint-plugin-node@7.0.1, required by merge-descriptors@1.0.3
npm error missing: eslint-plugin-promise@4.0.1, required by merge-descriptors@1.0.3
npm error missing: eslint-plugin-standard@4.0.0, required by merge-descriptors@1.0.3
npm error missing: eslint@5.9.0, required by merge-descriptors@1.0.3
npm error missing: mocha@5.2.0, required by merge-descriptors@1.0.3
npm error missing: nyc@13.1.0, required by merge-descriptors@1.0.3
npm error missing: istanbul@0.4.1, required by methods@1.1.2
npm error missing: mocha@1.21.5, required by methods@1.1.2
npm error missing: eslint-config-standard@14.1.1, required by on-finished@2.4.1
npm error missing: eslint-plugin-import@2.25.4, required by on-finished@2.4.1
npm error missing: eslint-plugin-markdown@2.2.1, required by on-finished@2.4.1
npm error missing: eslint-plugin-node@11.1.0, required by on-finished@2.4.1
npm error missing: eslint-plugin-promise@5.2.0, required by on-finished@2.4.1
npm error missing: eslint-plugin-standard@4.1.0, required by on-finished@2.4.1
npm error missing: eslint@7.32.0, required by on-finished@2.4.1
npm error missing: mocha@9.2.1, required by on-finished@2.4.1
npm error missing: nyc@15.1.0, required by on-finished@2.4.1
npm error missing: beautify-benchmark@0.2.4, required by parseurl@1.3.3
npm error missing: benchmark@2.1.4, required by parseurl@1.3.3
npm error missing: eslint-config-standard@12.0.0, required by parseurl@1.3.3
npm error missing: eslint-plugin-import@2.17.1, required by parseurl@1.3.3
npm error missing: eslint-plugin-node@7.0.1, required by parseurl@1.3.3
npm error missing: eslint-plugin-promise@4.1.1, required by parseurl@1.3.3
npm error missing: eslint-plugin-standard@4.0.0, required by parseurl@1.3.3
npm error missing: eslint@5.16.0, required by parseurl@1.3.3
npm error missing: fast-url-parser@1.1.3, required by parseurl@1.3.3
npm error missing: istanbul@0.4.5, required by parseurl@1.3.3
npm error missing: mocha@6.1.3, required by parseurl@1.3.3
npm error missing: istanbul@^0.2.6, required by path-to-regexp@0.1.13
npm error missing: mocha@^1.17.1, required by path-to-regexp@0.1.13
npm error missing: beautify-benchmark@0.2.4, required by proxy-addr@2.0.7
npm error missing: benchmark@2.1.4, required by proxy-addr@2.0.7
npm error missing: deep-equal@1.0.1, required by proxy-addr@2.0.7
npm error missing: eslint-config-standard@14.1.1, required by proxy-addr@2.0.7
npm error missing: eslint-plugin-import@2.23.4, required by proxy-addr@2.0.7
npm error missing: eslint-plugin-markdown@2.2.0, required by proxy-addr@2.0.7
npm error missing: eslint-plugin-node@11.1.0, required by proxy-addr@2.0.7
npm error missing: eslint-plugin-promise@4.3.1, required by proxy-addr@2.0.7
npm error missing: eslint-plugin-standard@4.1.0, required by proxy-addr@2.0.7
npm error missing: eslint@7.26.0, required by proxy-addr@2.0.7
npm error missing: mocha@8.4.0, required by proxy-addr@2.0.7
npm error missing: nyc@15.1.0, required by proxy-addr@2.0.7
npm error missing: @browserify/envify@^6.0.0, required by qs@6.14.2
npm error missing: @browserify/uglifyify@^6.0.0, required by qs@6.14.2
npm error missing: @ljharb/eslint-config@^22.1.3, required by qs@6.14.2
npm error missing: browserify@^16.5.2, required by qs@6.14.2
npm error missing: bundle-collapser@^1.4.0, required by qs@6.14.2
npm error missing: common-shakeify@~1.0.0, required by qs@6.14.2
npm error missing: eclint@^2.8.1, required by qs@6.14.2
npm error missing: es-value-fixtures@^1.7.1, required by qs@6.14.2
npm error missing: eslint@^9.39.2, required by qs@6.14.2
npm error missing: evalmd@^0.0.19, required by qs@6.14.2
npm error missing: for-each@^0.3.5, required by qs@6.14.2
npm error missing: glob@=10.3.7, required by qs@6.14.2
npm error missing: has-bigints@^1.1.0, required by qs@6.14.2
npm error missing: has-override-mistake@^1.0.1, required by qs@6.14.2
npm error missing: has-property-descriptors@^1.0.2, required by qs@6.14.2
npm error missing: has-proto@^1.2.0, required by qs@6.14.2
npm error invalid: iconv-lite@0.4.24 /home/una-stazia/Desktop/Work/TMTP/TMTP-project-aware-AI-mentor-for-developers/node_modules/.pnpm/node_modules/iconv-lite
npm error missing: in-publish@^2.0.1, required by qs@6.14.2
npm error missing: jackspeak@=2.1.1, required by qs@6.14.2
npm error missing: jiti@^0.0.0, required by qs@6.14.2
npm error missing: mock-property@^1.1.0, required by qs@6.14.2
npm error missing: module-deps@^6.2.3, required by qs@6.14.2
npm error missing: npmignore@^0.3.5, required by qs@6.14.2
npm error missing: nyc@^10.3.2, required by qs@6.14.2
npm error missing: qs-iconv@^1.0.4, required by qs@6.14.2
npm error missing: safe-publish-latest@^2.0.0, required by qs@6.14.2
npm error missing: tape@^5.9.0, required by qs@6.14.2
npm error missing: unassertify@^3.0.1, required by qs@6.14.2
npm error missing: deep-equal@1.0.1, required by range-parser@1.2.1
npm error missing: eslint-config-standard@12.0.0, required by range-parser@1.2.1
npm error missing: eslint-plugin-import@2.17.2, required by range-parser@1.2.1
npm error missing: eslint-plugin-markdown@1.0.0, required by range-parser@1.2.1
npm error missing: eslint-plugin-node@8.0.1, required by range-parser@1.2.1
npm error missing: eslint-plugin-promise@4.1.1, required by range-parser@1.2.1
npm error missing: eslint-plugin-standard@4.0.0, required by range-parser@1.2.1
npm error missing: eslint@5.16.0, required by range-parser@1.2.1
npm error missing: mocha@6.1.4, required by range-parser@1.2.1
npm error missing: nyc@14.1.1, required by range-parser@1.2.1
npm error missing: after@0.8.2, required by send@0.19.2
npm error missing: eslint-config-standard@14.1.1, required by send@0.19.2
npm error missing: eslint-plugin-import@2.25.4, required by send@0.19.2
npm error missing: eslint-plugin-markdown@2.2.1, required by send@0.19.2
npm error missing: eslint-plugin-node@11.1.0, required by send@0.19.2
npm error missing: eslint-plugin-promise@5.2.0, required by send@0.19.2
npm error missing: eslint-plugin-standard@4.1.0, required by send@0.19.2
npm error missing: eslint@7.32.0, required by send@0.19.2
npm error missing: mocha@9.2.2, required by send@0.19.2
npm error missing: nyc@15.1.0, required by send@0.19.2
npm error missing: supertest@6.2.2, required by send@0.19.2
npm error missing: eslint-config-standard@14.1.1, required by serve-static@1.16.3
npm error missing: eslint-plugin-import@2.25.4, required by serve-static@1.16.3
npm error missing: eslint-plugin-markdown@2.2.1, required by serve-static@1.16.3
npm error missing: eslint-plugin-node@11.1.0, required by serve-static@1.16.3
npm error missing: eslint-plugin-promise@5.2.0, required by serve-static@1.16.3
npm error missing: eslint-plugin-standard@4.1.0, required by serve-static@1.16.3
npm error missing: eslint@7.32.0, required by serve-static@1.16.3
npm error missing: mocha@9.2.2, required by serve-static@1.16.3
npm error missing: nyc@15.1.0, required by serve-static@1.16.3
npm error missing: supertest@6.2.2, required by serve-static@1.16.3
npm error missing: mocha@^6.1.4, required by setprototypeof@1.2.0
npm error missing: standard@^13.0.2, required by setprototypeof@1.2.0
npm error missing: csv-parse@4.16.3, required by statuses@2.0.2
npm error missing: eslint-config-standard@14.1.1, required by statuses@2.0.2
npm error missing: eslint-plugin-import@2.31.0, required by statuses@2.0.2
npm error missing: eslint-plugin-markdown@1.0.2, required by statuses@2.0.2
npm error missing: eslint-plugin-node@11.1.0, required by statuses@2.0.2
npm error missing: eslint-plugin-promise@4.3.1, required by statuses@2.0.2
npm error missing: eslint-plugin-standard@4.1.0, required by statuses@2.0.2
npm error missing: eslint@7.19.0, required by statuses@2.0.2
npm error missing: mocha@8.4.0, required by statuses@2.0.2
npm error missing: nyc@15.1.0, required by statuses@2.0.2
npm error missing: stream-to-array@2.3.0, required by statuses@2.0.2
npm error missing: eslint-config-standard@12.0.0, required by type-is@1.6.18
npm error missing: eslint-plugin-import@2.17.2, required by type-is@1.6.18
npm error missing: eslint-plugin-markdown@1.0.0, required by type-is@1.6.18
npm error missing: eslint-plugin-node@8.0.1, required by type-is@1.6.18
npm error missing: eslint-plugin-promise@4.1.1, required by type-is@1.6.18
npm error missing: eslint-plugin-standard@4.0.0, required by type-is@1.6.18
npm error missing: eslint@5.16.0, required by type-is@1.6.18
npm error missing: mocha@6.1.4, required by type-is@1.6.18
npm error missing: nyc@14.0.0, required by type-is@1.6.18
npm error missing: chai@1.x.x, required by utils-merge@1.0.1
npm error missing: make-node@0.3.x, required by utils-merge@1.0.1
npm error missing: mocha@1.x.x, required by utils-merge@1.0.1
npm error missing: @arethetypeswrong/cli@^0.17.1, required by dunder-proto@1.0.1
npm error missing: @ljharb/eslint-config@^21.1.1, required by dunder-proto@1.0.1
npm error missing: @ljharb/tsconfig@^0.2.2, required by dunder-proto@1.0.1
npm error missing: @types/tape@^5.7.0, required by dunder-proto@1.0.1
npm error missing: auto-changelog@^2.5.0, required by dunder-proto@1.0.1
npm error missing: encoding@^0.1.13, required by dunder-proto@1.0.1
npm error missing: eslint@=8.8.0, required by dunder-proto@1.0.1
npm error missing: evalmd@^0.0.19, required by dunder-proto@1.0.1
npm error missing: in-publish@^2.0.1, required by dunder-proto@1.0.1
npm error missing: npmignore@^0.3.1, required by dunder-proto@1.0.1
npm error missing: nyc@^10.3.2, required by dunder-proto@1.0.1
npm error missing: safe-publish-latest@^2.0.0, required by dunder-proto@1.0.1
npm error missing: tape@^5.9.0, required by dunder-proto@1.0.1
npm error missing: eslint-plugin-markdown@2.2.1, required by bytes@3.1.2
npm error missing: eslint@7.32.0, required by bytes@3.1.2
npm error missing: mocha@9.2.0, required by bytes@3.1.2
npm error missing: nyc@15.1.0, required by bytes@3.1.2
npm error missing: async@*, required by iconv-lite@0.4.24
npm error missing: errto@*, required by iconv-lite@0.4.24
npm error missing: iconv@*, required by iconv-lite@0.4.24
npm error missing: istanbul@*, required by iconv-lite@0.4.24
npm error missing: mocha@^3.1.0, required by iconv-lite@0.4.24
npm error missing: request@~2.87.0, required by iconv-lite@0.4.24
npm error missing: unorm@*, required by iconv-lite@0.4.24
npm error missing: @babel/cli@^7.2.0, required by readable-stream@3.6.2
npm error missing: @babel/core@^7.2.0, required by readable-stream@3.6.2
npm error missing: @babel/polyfill@^7.0.0, required by readable-stream@3.6.2
npm error missing: @babel/preset-env@^7.2.0, required by readable-stream@3.6.2
npm error missing: airtap@0.0.9, required by readable-stream@3.6.2
npm error missing: assert@^1.4.0, required by readable-stream@3.6.2
npm error missing: bl@^2.0.0, required by readable-stream@3.6.2
npm error missing: deep-strict-equal@^0.2.0, required by readable-stream@3.6.2
npm error missing: events.once@^2.0.2, required by readable-stream@3.6.2
npm error missing: glob@^7.1.2, required by readable-stream@3.6.2
npm error missing: gunzip-maybe@^1.4.1, required by readable-stream@3.6.2
npm error missing: hyperquest@^2.1.3, required by readable-stream@3.6.2
npm error missing: lolex@^2.6.0, required by readable-stream@3.6.2
npm error missing: nyc@^11.0.0, required by readable-stream@3.6.2
npm error missing: pump@^3.0.0, required by readable-stream@3.6.2
npm error missing: rimraf@^2.6.2, required by readable-stream@3.6.2
npm error missing: tap@^12.0.0, required by readable-stream@3.6.2
npm error missing: tape@^4.9.0, required by readable-stream@3.6.2
npm error missing: tar-fs@^1.16.2, required by readable-stream@3.6.2
npm error missing: util-promisify@^2.1.0, required by readable-stream@3.6.2
npm error missing: istanbul@0.3.15, required by unpipe@1.0.0
npm error missing: mocha@2.2.5, required by unpipe@1.0.0
npm error missing: eslint-plugin-markdown@2.2.1, required by negotiator@0.6.3
npm error missing: eslint@7.32.0, required by negotiator@0.6.3
npm error missing: mocha@9.1.3, required by negotiator@0.6.3
npm error missing: nyc@15.1.0, required by negotiator@0.6.3
npm error missing: eslint-config-standard@14.1.1, required by destroy@1.2.0
npm error missing: eslint-plugin-import@2.25.4, required by destroy@1.2.0
npm error missing: eslint-plugin-node@11.1.0, required by destroy@1.2.0
npm error missing: eslint-plugin-promise@5.2.0, required by destroy@1.2.0
npm error missing: eslint-plugin-standard@4.1.0, required by destroy@1.2.0
npm error missing: eslint@7.32.0, required by destroy@1.2.0
npm error missing: mocha@9.2.2, required by destroy@1.2.0
npm error missing: nyc@15.1.0, required by destroy@1.2.0
npm error missing: tap@^14.2.4, required by inherits@2.0.4
npm error missing: eslint-config-standard@14.1.1, required by toidentifier@1.0.1
npm error missing: eslint-plugin-import@2.25.3, required by toidentifier@1.0.1
npm error missing: eslint-plugin-markdown@2.2.1, required by toidentifier@1.0.1
npm error missing: eslint-plugin-node@11.1.0, required by toidentifier@1.0.1
npm error missing: eslint-plugin-promise@4.3.1, required by toidentifier@1.0.1
npm error missing: eslint-plugin-standard@4.1.0, required by toidentifier@1.0.1
npm error missing: eslint@7.32.0, required by toidentifier@1.0.1
npm error missing: mocha@9.1.3, required by toidentifier@1.0.1
npm error missing: nyc@15.1.0, required by toidentifier@1.0.1
npm error missing: istanbul@0.3.9, required by ee-first@1.1.1
npm error missing: mocha@2.2.5, required by ee-first@1.1.1
npm error missing: beautify-benchmark@0.2.4, required by forwarded@0.2.0
npm error missing: benchmark@2.1.4, required by forwarded@0.2.0
npm error missing: deep-equal@1.0.1, required by forwarded@0.2.0
npm error missing: eslint-config-standard@14.1.1, required by forwarded@0.2.0
npm error missing: eslint-plugin-import@2.23.4, required by forwarded@0.2.0
npm error missing: eslint-plugin-node@11.1.0, required by forwarded@0.2.0
npm error missing: eslint-plugin-promise@4.3.1, required by forwarded@0.2.0
npm error missing: eslint-plugin-standard@4.1.0, required by forwarded@0.2.0
npm error missing: eslint@7.27.0, required by forwarded@0.2.0
npm error missing: mocha@8.4.0, required by forwarded@0.2.0
npm error missing: nyc@15.1.0, required by forwarded@0.2.0
npm error missing: coffee-script@~1.12.6, required by ipaddr.js@1.9.1
npm error missing: nodeunit@^0.11.3, required by ipaddr.js@1.9.1
npm error missing: uglify-js@~3.0.19, required by ipaddr.js@1.9.1
npm error missing: @arethetypeswrong/cli@^0.18.3, required by side-channel@1.1.1
npm error missing: @ljharb/eslint-config@^22.2.3, required by side-channel@1.1.1
npm error missing: @ljharb/tsconfig@^0.3.2, required by side-channel@1.1.1
npm error missing: @types/object-inspect@^1.13.0, required by side-channel@1.1.1
npm error missing: @types/tape@^5.8.1, required by side-channel@1.1.1
npm error missing: auto-changelog@^2.6.0, required by side-channel@1.1.1
npm error missing: eclint@^2.8.1, required by side-channel@1.1.1
npm error missing: encoding@^0.1.13, required by side-channel@1.1.1
npm error missing: eslint@^8.57.1, required by side-channel@1.1.1
npm error missing: in-publish@^2.0.1, required by side-channel@1.1.1
npm error missing: npmignore@^0.3.5, required by side-channel@1.1.1
npm error missing: nyc@^10.3.2, required by side-channel@1.1.1
npm error missing: safe-publish-latest@^2.0.0, required by side-channel@1.1.1
npm error missing: tape@^5.9.0, required by side-channel@1.1.1
npm error missing: github-release-notes@0.13.1, required by mime@1.6.0
npm error invalid: mime-db@1.52.0 /home/una-stazia/Desktop/Work/TMTP/TMTP-project-aware-AI-mentor-for-developers/node_modules/.pnpm/node_modules/mime-db
npm error missing: mime-score@1.1.0, required by mime@1.6.0
npm error missing: babel-polyfill@^6.23.0, required by string_decoder@1.3.0
npm error missing: core-util-is@^1.0.2, required by string_decoder@1.3.0
npm error missing: tap@~0.4.8, required by string_decoder@1.3.0
npm error missing: @arethetypeswrong/cli@^0.18.2, required by side-channel-list@1.0.1
npm error missing: @ljharb/eslint-config@^22.2.2, required by side-channel-list@1.0.1
npm error missing: @ljharb/tsconfig@^0.3.2, required by side-channel-list@1.0.1
npm error missing: @types/object-inspect@^1.13.0, required by side-channel-list@1.0.1
npm error missing: @types/tape@^5.8.1, required by side-channel-list@1.0.1
npm error missing: auto-changelog@^2.5.0, required by side-channel-list@1.0.1
npm error missing: eclint@^2.8.1, required by side-channel-list@1.0.1
npm error missing: encoding@^0.1.13, required by side-channel-list@1.0.1
npm error missing: eslint@^8.57.1, required by side-channel-list@1.0.1
npm error missing: evalmd@^0.0.19, required by side-channel-list@1.0.1
npm error missing: in-publish@^2.0.1, required by side-channel-list@1.0.1
npm error missing: npmignore@^0.3.5, required by side-channel-list@1.0.1
npm error missing: nyc@^10.3.2, required by side-channel-list@1.0.1
npm error missing: safe-publish-latest@^2.0.0, required by side-channel-list@1.0.1
npm error missing: tape@^5.9.0, required by side-channel-list@1.0.1
npm error missing: @arethetypeswrong/cli@^0.17.1, required by side-channel-map@1.0.1
npm error missing: @ljharb/eslint-config@^21.1.1, required by side-channel-map@1.0.1
npm error missing: @ljharb/tsconfig@^0.2.2, required by side-channel-map@1.0.1
npm error missing: @types/get-intrinsic@^1.2.3, required by side-channel-map@1.0.1
npm error missing: @types/object-inspect@^1.13.0, required by side-channel-map@1.0.1
npm error missing: @types/tape@^5.6.5, required by side-channel-map@1.0.1
npm error missing: auto-changelog@^2.5.0, required by side-channel-map@1.0.1
npm error missing: eclint@^2.8.1, required by side-channel-map@1.0.1
npm error missing: encoding@^0.1.13, required by side-channel-map@1.0.1
npm error missing: eslint@=8.8.0, required by side-channel-map@1.0.1
npm error missing: evalmd@^0.0.19, required by side-channel-map@1.0.1
npm error missing: in-publish@^2.0.1, required by side-channel-map@1.0.1
npm error missing: npmignore@^0.3.1, required by side-channel-map@1.0.1
npm error missing: nyc@^10.3.2, required by side-channel-map@1.0.1
npm error missing: safe-publish-latest@^2.0.0, required by side-channel-map@1.0.1
npm error missing: tape@^5.9.0, required by side-channel-map@1.0.1
npm error missing: @arethetypeswrong/cli@^0.17.1, required by side-channel-weakmap@1.0.2
npm error missing: @ljharb/eslint-config@^21.1.1, required by side-channel-weakmap@1.0.2
npm error missing: @ljharb/tsconfig@^0.2.2, required by side-channel-weakmap@1.0.2
npm error missing: @types/call-bind@^1.0.5, required by side-channel-weakmap@1.0.2
npm error missing: @types/get-intrinsic@^1.2.3, required by side-channel-weakmap@1.0.2
npm error missing: @types/object-inspect@^1.13.0, required by side-channel-weakmap@1.0.2
npm error missing: @types/tape@^5.6.5, required by side-channel-weakmap@1.0.2
npm error missing: auto-changelog@^2.5.0, required by side-channel-weakmap@1.0.2
npm error missing: eclint@^2.8.1, required by side-channel-weakmap@1.0.2
npm error missing: encoding@^0.1.13, required by side-channel-weakmap@1.0.2
npm error missing: eslint@=8.8.0, required by side-channel-weakmap@1.0.2
npm error missing: in-publish@^2.0.1, required by side-channel-weakmap@1.0.2
npm error missing: npmignore@^0.3.1, required by side-channel-weakmap@1.0.2
npm error missing: nyc@^10.3.2, required by side-channel-weakmap@1.0.2
npm error missing: safe-publish-latest@^2.0.0, required by side-channel-weakmap@1.0.2
npm error missing: tape@^5.9.0, required by side-channel-weakmap@1.0.2
npm error A complete log of this run can be found in: /home/una-stazia/.npm/_logs/2026-07-19T20_21_11_031Z-debug-0.log

